2025-11-24T23:09:10.7954663Z ##[debug]Starting: build
2025-11-24T23:09:10.7973185Z ##[debug]Cleaning runner temp folder: /home/runner/work/_temp
2025-11-24T23:09:10.8071872Z ##[debug]Starting: Set up job
2025-11-24T23:09:10.8072811Z Current runner version: '2.329.0'
2025-11-24T23:09:10.8092045Z ##[group]Runner Image Provisioner
2025-11-24T23:09:10.8092799Z Hosted Compute Agent
2025-11-24T23:09:10.8093296Z Version: 20251016.436
2025-11-24T23:09:10.8093796Z Commit: 8ab8ac8bfd662a3739dab9fe09456aba92132568
2025-11-24T23:09:10.8094454Z Build Date: 2025-10-15T20:44:12Z
2025-11-24T23:09:10.8094951Z ##[endgroup]
2025-11-24T23:09:10.8095417Z ##[group]Operating System
2025-11-24T23:09:10.8095904Z Ubuntu
2025-11-24T23:09:10.8096312Z 24.04.3
2025-11-24T23:09:10.8096696Z LTS
2025-11-24T23:09:10.8097366Z ##[endgroup]
2025-11-24T23:09:10.8097781Z ##[group]Runner Image
2025-11-24T23:09:10.8098291Z Image: ubuntu-24.04
2025-11-24T23:09:10.8098804Z Version: 20251112.124.1
2025-11-24T23:09:10.8099663Z Included Software: https://github.com/actions/runner-images/blob/ubuntu24/20251112.124/images/ubuntu/Ubuntu2404-Readme.md
2025-11-24T23:09:10.8101130Z Image Release: https://github.com/actions/runner-images/releases/tag/ubuntu24%2F20251112.124
2025-11-24T23:09:10.8101883Z ##[endgroup]
2025-11-24T23:09:10.8102881Z ##[group]GITHUB_TOKEN Permissions
2025-11-24T23:09:10.8104640Z Contents: read
2025-11-24T23:09:10.8105084Z Metadata: read
2025-11-24T23:09:10.8105588Z Pages: write
2025-11-24T23:09:10.8106022Z ##[endgroup]
2025-11-24T23:09:10.8108185Z Secret source: Actions
2025-11-24T23:09:10.8109215Z ##[debug]Primary repository: opj161/cadence-3
2025-11-24T23:09:10.8109896Z Prepare workflow directory
2025-11-24T23:09:10.8173455Z ##[debug]Creating pipeline directory: '/home/runner/work/cadence-3'
2025-11-24T23:09:10.8176114Z ##[debug]Creating workspace directory: '/home/runner/work/cadence-3/cadence-3'
2025-11-24T23:09:10.8177436Z ##[debug]Update context data
2025-11-24T23:09:10.8180280Z ##[debug]Evaluating job-level environment variables
2025-11-24T23:09:10.8377028Z ##[debug]Evaluating job container
2025-11-24T23:09:10.8380190Z ##[debug]Evaluating job service containers
2025-11-24T23:09:10.8382365Z ##[debug]Evaluating job defaults
2025-11-24T23:09:10.8408075Z Prepare all required actions
2025-11-24T23:09:10.8448966Z Getting action download info
2025-11-24T23:09:11.2934883Z Download action repository 'actions/checkout@v4' (SHA:34e114876b0b11c390a56381ad16ebd13914f8d5)
2025-11-24T23:09:12.0557806Z ##[debug]Download 'https://api.github.com/repos/actions/checkout/tarball/34e114876b0b11c390a56381ad16ebd13914f8d5' to '/home/runner/work/_actions/_temp_2969ce93-f941-480b-a06b-14a7083a6c15/839544e8-4556-4e53-b912-4783b9596eee.tar.gz'
2025-11-24T23:09:12.1159939Z ##[debug]Unwrap 'actions-checkout-34e1148' to '/home/runner/work/_actions/actions/checkout/v4'
2025-11-24T23:09:12.1245366Z ##[debug]Archive '/home/runner/work/_actions/_temp_2969ce93-f941-480b-a06b-14a7083a6c15/839544e8-4556-4e53-b912-4783b9596eee.tar.gz' has been unzipped into '/home/runner/work/_actions/actions/checkout/v4'.
2025-11-24T23:09:12.1336188Z Download action repository 'actions/setup-node@v4' (SHA:49933ea5288caeca8642d1e84afbd3f7d6820020)
2025-11-24T23:09:12.1395443Z ##[debug]Copied action archive '/opt/actionarchivecache/actions_setup-node/49933ea5288caeca8642d1e84afbd3f7d6820020.tar.gz' to '/home/runner/work/_actions/_temp_1da5724f-f108-405d-ad56-aa87b7600a57/494c9f26-e8d4-4db0-ad97-2fa6b6c4ad98.tar.gz'
2025-11-24T23:09:12.1913586Z ##[debug]Unwrap 'actions-setup-node-49933ea' to '/home/runner/work/_actions/actions/setup-node/v4'
2025-11-24T23:09:12.2046613Z ##[debug]Archive '/home/runner/work/_actions/_temp_1da5724f-f108-405d-ad56-aa87b7600a57/494c9f26-e8d4-4db0-ad97-2fa6b6c4ad98.tar.gz' has been unzipped into '/home/runner/work/_actions/actions/setup-node/v4'.
2025-11-24T23:09:12.2091843Z Download action repository 'actions/configure-pages@v4' (SHA:1f0c5cde4bc74cd7e1254d0cb4de8d49e9068c7d)
2025-11-24T23:09:12.9117549Z ##[debug]Download 'https://api.github.com/repos/actions/configure-pages/tarball/1f0c5cde4bc74cd7e1254d0cb4de8d49e9068c7d' to '/home/runner/work/_actions/_temp_fc8f679c-ac3a-44e0-a1dd-42090db2fd3f/c69e37e2-29f5-4d3a-a062-9d84bfb363a2.tar.gz'
2025-11-24T23:09:12.9304795Z ##[debug]Unwrap 'actions-configure-pages-1f0c5cd' to '/home/runner/work/_actions/actions/configure-pages/v4'
2025-11-24T23:09:12.9361394Z ##[debug]Archive '/home/runner/work/_actions/_temp_fc8f679c-ac3a-44e0-a1dd-42090db2fd3f/c69e37e2-29f5-4d3a-a062-9d84bfb363a2.tar.gz' has been unzipped into '/home/runner/work/_actions/actions/configure-pages/v4'.
2025-11-24T23:09:12.9389300Z Download action repository 'actions/upload-pages-artifact@v3' (SHA:56afc609e74202658d3ffba0e8f6dda462b719fa)
2025-11-24T23:09:13.3934150Z ##[debug]Download 'https://api.github.com/repos/actions/upload-pages-artifact/tarball/56afc609e74202658d3ffba0e8f6dda462b719fa' to '/home/runner/work/_actions/_temp_38f45bf8-0135-4882-8aef-f9bee0bd6323/f7e38b59-f39f-4950-8853-e4a4b0a09168.tar.gz'
2025-11-24T23:09:13.3995735Z ##[debug]Unwrap 'actions-upload-pages-artifact-56afc60' to '/home/runner/work/_actions/actions/upload-pages-artifact/v3'
2025-11-24T23:09:13.4008181Z ##[debug]Archive '/home/runner/work/_actions/_temp_38f45bf8-0135-4882-8aef-f9bee0bd6323/f7e38b59-f39f-4950-8853-e4a4b0a09168.tar.gz' has been unzipped into '/home/runner/work/_actions/actions/upload-pages-artifact/v3'.
2025-11-24T23:09:13.4032556Z ##[debug]action.yml for action: '/home/runner/work/_actions/actions/checkout/v4/action.yml'.
2025-11-24T23:09:13.4589445Z ##[debug]action.yml for action: '/home/runner/work/_actions/actions/setup-node/v4/action.yml'.
2025-11-24T23:09:13.4640046Z ##[debug]action.yml for action: '/home/runner/work/_actions/actions/configure-pages/v4/action.yml'.
2025-11-24T23:09:13.4670625Z ##[debug]action.yml for action: '/home/runner/work/_actions/actions/upload-pages-artifact/v3/action.yml'.
2025-11-24T23:09:13.4787940Z Getting action download info
2025-11-24T23:09:13.6367633Z Download action repository 'actions/upload-artifact@v4' (SHA:ea165f8d65b6e75b540449e92b4886f43607fa02)
2025-11-24T23:09:13.6422234Z ##[debug]Copied action archive '/opt/actionarchivecache/actions_upload-artifact/ea165f8d65b6e75b540449e92b4886f43607fa02.tar.gz' to '/home/runner/work/_actions/_temp_4e2d0aa1-bf96-4668-9f99-d4a5487eaae6/b61d0700-cbe8-4812-836d-f30d6cf6d0a6.tar.gz'
2025-11-24T23:09:13.7034564Z ##[debug]Unwrap 'actions-upload-artifact-ea165f8' to '/home/runner/work/_actions/actions/upload-artifact/v4'
2025-11-24T23:09:13.7220597Z ##[debug]Archive '/home/runner/work/_actions/_temp_4e2d0aa1-bf96-4668-9f99-d4a5487eaae6/b61d0700-cbe8-4812-836d-f30d6cf6d0a6.tar.gz' has been unzipped into '/home/runner/work/_actions/actions/upload-artifact/v4'.
2025-11-24T23:09:13.7267741Z ##[debug]action.yml for action: '/home/runner/work/_actions/actions/upload-artifact/v4/action.yml'.
2025-11-24T23:09:13.7424025Z ##[debug]Set step '__actions_checkout' display name to: 'Checkout'
2025-11-24T23:09:13.7426542Z ##[debug]Set step '__actions_setup-node' display name to: 'Setup Node'
2025-11-24T23:09:13.7428113Z ##[debug]Set step '__run' display name to: 'Install dependencies'
2025-11-24T23:09:13.7429295Z ##[debug]Set step '__run_2' display name to: 'Build'
2025-11-24T23:09:13.7430389Z ##[debug]Set step '__run_3' display name to: 'Add .nojekyll'
2025-11-24T23:09:13.7431517Z ##[debug]Set step '__actions_configure-pages' display name to: 'Setup Pages'
2025-11-24T23:09:13.7432679Z ##[debug]Set step '__actions_upload-pages-artifact' display name to: 'Upload artifact'
2025-11-24T23:09:13.7433317Z Complete job name: build
2025-11-24T23:09:13.7457488Z ##[debug]Collect running processes for tracking orphan processes.
2025-11-24T23:09:13.7704160Z ##[debug]Finishing: Set up job
2025-11-24T23:09:13.7815713Z ##[debug]Evaluating condition for step: 'Checkout'
2025-11-24T23:09:13.7851968Z ##[debug]Evaluating: success()
2025-11-24T23:09:13.7857969Z ##[debug]Evaluating success:
2025-11-24T23:09:13.7872905Z ##[debug]=> true
2025-11-24T23:09:13.7879166Z ##[debug]Result: true
2025-11-24T23:09:13.7903957Z ##[debug]Starting: Checkout
2025-11-24T23:09:13.7962146Z ##[debug]Register post job cleanup for action: actions/checkout@v4
2025-11-24T23:09:13.8030146Z ##[debug]Loading inputs
2025-11-24T23:09:13.8037625Z ##[debug]Evaluating: github.repository
2025-11-24T23:09:13.8038453Z ##[debug]Evaluating Index:
2025-11-24T23:09:13.8039981Z ##[debug]..Evaluating github:
2025-11-24T23:09:13.8040812Z ##[debug]..=> Object
2025-11-24T23:09:13.8046186Z ##[debug]..Evaluating String:
2025-11-24T23:09:13.8046802Z ##[debug]..=> 'repository'
2025-11-24T23:09:13.8050431Z ##[debug]=> 'opj161/cadence-3'
2025-11-24T23:09:13.8051522Z ##[debug]Result: 'opj161/cadence-3'
2025-11-24T23:09:13.8054160Z ##[debug]Evaluating: github.token
2025-11-24T23:09:13.8054462Z ##[debug]Evaluating Index:
2025-11-24T23:09:13.8054735Z ##[debug]..Evaluating github:
2025-11-24T23:09:13.8055014Z ##[debug]..=> Object
2025-11-24T23:09:13.8055282Z ##[debug]..Evaluating String:
2025-11-24T23:09:13.8055548Z ##[debug]..=> 'token'
2025-11-24T23:09:13.8056264Z ##[debug]=> '***'
2025-11-24T23:09:13.8056614Z ##[debug]Result: '***'
2025-11-24T23:09:13.8065881Z ##[debug]Loading env
2025-11-24T23:09:13.8119006Z ##[group]Run actions/checkout@v4
2025-11-24T23:09:13.8119469Z with:
2025-11-24T23:09:13.8119715Z   repository: opj161/cadence-3
2025-11-24T23:09:13.8120193Z   token: ***
2025-11-24T23:09:13.8120411Z   ssh-strict: true
2025-11-24T23:09:13.8120650Z   ssh-user: git
2025-11-24T23:09:13.8120982Z   persist-credentials: true
2025-11-24T23:09:13.8121267Z   clean: true
2025-11-24T23:09:13.8121513Z   sparse-checkout-cone-mode: true
2025-11-24T23:09:13.8121774Z   fetch-depth: 1
2025-11-24T23:09:13.8121993Z   fetch-tags: false
2025-11-24T23:09:13.8122241Z   show-progress: true
2025-11-24T23:09:13.8122464Z   lfs: false
2025-11-24T23:09:13.8122674Z   submodules: false
2025-11-24T23:09:13.8122904Z   set-safe-directory: true
2025-11-24T23:09:13.8123364Z ##[endgroup]
2025-11-24T23:09:13.9039727Z ##[debug]GITHUB_WORKSPACE = '/home/runner/work/cadence-3/cadence-3'
2025-11-24T23:09:13.9040671Z ##[debug]qualified repository = 'opj161/cadence-3'
2025-11-24T23:09:13.9041195Z ##[debug]ref = 'refs/heads/main'
2025-11-24T23:09:13.9041669Z ##[debug]commit = '2a6db8d02c2d54ad0e6e53b4123801f48da7e8c1'
2025-11-24T23:09:13.9042157Z ##[debug]clean = true
2025-11-24T23:09:13.9042621Z ##[debug]filter = undefined
2025-11-24T23:09:13.9043283Z ##[debug]fetch depth = 1
2025-11-24T23:09:13.9043886Z ##[debug]fetch tags = false
2025-11-24T23:09:13.9044480Z ##[debug]show progress = true
2025-11-24T23:09:13.9044888Z ##[debug]lfs = false
2025-11-24T23:09:13.9045276Z ##[debug]submodules = false
2025-11-24T23:09:13.9045714Z ##[debug]recursive submodules = false
2025-11-24T23:09:13.9046253Z ##[debug]GitHub Host URL = 
2025-11-24T23:09:13.9047514Z ::add-matcher::/home/runner/work/_actions/actions/checkout/v4/dist/problem-matcher.json
2025-11-24T23:09:13.9121218Z ##[debug]Added matchers: 'checkout-git'. Problem matchers scan action output for known warning or error strings and report these inline.
2025-11-24T23:09:13.9125729Z Syncing repository: opj161/cadence-3
2025-11-24T23:09:13.9127019Z ::group::Getting Git version info
2025-11-24T23:09:13.9128487Z ##[group]Getting Git version info
2025-11-24T23:09:13.9128903Z Working directory is '/home/runner/work/cadence-3/cadence-3'
2025-11-24T23:09:13.9129499Z ##[debug]Getting git version
2025-11-24T23:09:13.9129784Z [command]/usr/bin/git version
2025-11-24T23:09:13.9197638Z git version 2.51.2
2025-11-24T23:09:13.9219352Z ##[debug]0
2025-11-24T23:09:13.9220044Z ##[debug]git version 2.51.2
2025-11-24T23:09:13.9220446Z ##[debug]
2025-11-24T23:09:13.9221561Z ##[debug]Set git useragent to: git/2.51.2 (github-actions-checkout)
2025-11-24T23:09:13.9222602Z ::endgroup::
2025-11-24T23:09:13.9223370Z ##[endgroup]
2025-11-24T23:09:13.9229541Z ::add-mask::***
2025-11-24T23:09:13.9238422Z Temporarily overriding HOME='/home/runner/work/_temp/bd18b12c-0a06-4342-9514-53da531810f2' before making global git config changes
2025-11-24T23:09:13.9240122Z Adding repository directory to the temporary git global config as a safe directory
2025-11-24T23:09:13.9254742Z [command]/usr/bin/git config --global --add safe.directory /home/runner/work/cadence-3/cadence-3
2025-11-24T23:09:13.9282967Z ##[debug]0
2025-11-24T23:09:13.9283579Z ##[debug]
2025-11-24T23:09:13.9288538Z Deleting the contents of '/home/runner/work/cadence-3/cadence-3'
2025-11-24T23:09:13.9292256Z ::group::Initializing the repository
2025-11-24T23:09:13.9292844Z ##[group]Initializing the repository
2025-11-24T23:09:13.9297053Z [command]/usr/bin/git init /home/runner/work/cadence-3/cadence-3
2025-11-24T23:09:13.9428682Z hint: Using 'master' as the name for the initial branch. This default branch name
2025-11-24T23:09:13.9429911Z hint: is subject to change. To configure the initial branch name to use in all
2025-11-24T23:09:13.9430899Z hint: of your new repositories, which will suppress this warning, call:
2025-11-24T23:09:13.9431622Z hint:
2025-11-24T23:09:13.9432194Z hint: 	git config --global init.defaultBranch <name>
2025-11-24T23:09:13.9432825Z hint:
2025-11-24T23:09:13.9433449Z hint: Names commonly chosen instead of 'master' are 'main', 'trunk' and
2025-11-24T23:09:13.9434434Z hint: 'development'. The just-created branch can be renamed via this command:
2025-11-24T23:09:13.9435234Z hint:
2025-11-24T23:09:13.9435662Z hint: 	git branch -m <name>
2025-11-24T23:09:13.9436114Z hint:
2025-11-24T23:09:13.9436719Z hint: Disable this message with "git config set advice.defaultBranchName false"
2025-11-24T23:09:13.9438260Z Initialized empty Git repository in /home/runner/work/cadence-3/cadence-3/.git/
2025-11-24T23:09:13.9439604Z ##[debug]0
2025-11-24T23:09:13.9440675Z ##[debug]Initialized empty Git repository in /home/runner/work/cadence-3/cadence-3/.git/
2025-11-24T23:09:13.9441540Z ##[debug]
2025-11-24T23:09:13.9445687Z [command]/usr/bin/git remote add origin https://github.com/opj161/cadence-3
2025-11-24T23:09:13.9475128Z ##[debug]0
2025-11-24T23:09:13.9475829Z ##[debug]
2025-11-24T23:09:13.9476601Z ::endgroup::
2025-11-24T23:09:13.9476963Z ##[endgroup]
2025-11-24T23:09:13.9477874Z ::group::Disabling automatic garbage collection
2025-11-24T23:09:13.9478458Z ##[group]Disabling automatic garbage collection
2025-11-24T23:09:13.9481364Z [command]/usr/bin/git config --local gc.auto 0
2025-11-24T23:09:13.9503643Z ##[debug]0
2025-11-24T23:09:13.9504298Z ##[debug]
2025-11-24T23:09:13.9504915Z ::endgroup::
2025-11-24T23:09:13.9505437Z ##[endgroup]
2025-11-24T23:09:13.9506011Z ::group::Setting up auth
2025-11-24T23:09:13.9506394Z ##[group]Setting up auth
2025-11-24T23:09:13.9512332Z [command]/usr/bin/git config --local --name-only --get-regexp core\.sshCommand
2025-11-24T23:09:13.9531900Z ##[debug]1
2025-11-24T23:09:13.9532579Z ##[debug]
2025-11-24T23:09:13.9538065Z [command]/usr/bin/git submodule foreach --recursive sh -c "git config --local --name-only --get-regexp 'core\.sshCommand' && git config --local --unset-all 'core.sshCommand' || :"
2025-11-24T23:09:13.9837473Z ##[debug]0
2025-11-24T23:09:13.9838136Z ##[debug]
2025-11-24T23:09:13.9844109Z [command]/usr/bin/git config --local --name-only --get-regexp http\.https\:\/\/github\.com\/\.extraheader
2025-11-24T23:09:13.9863762Z ##[debug]1
2025-11-24T23:09:13.9864413Z ##[debug]
2025-11-24T23:09:13.9869113Z [command]/usr/bin/git submodule foreach --recursive sh -c "git config --local --name-only --get-regexp 'http\.https\:\/\/github\.com\/\.extraheader' && git config --local --unset-all 'http.https://github.com/.extraheader' || :"
2025-11-24T23:09:14.0040132Z ##[debug]0
2025-11-24T23:09:14.0040571Z ##[debug]
2025-11-24T23:09:14.0046384Z [command]/usr/bin/git config --local --name-only --get-regexp ^includeIf\.gitdir:
2025-11-24T23:09:14.0068922Z ##[debug]1
2025-11-24T23:09:14.0069356Z ##[debug]
2025-11-24T23:09:14.0073420Z [command]/usr/bin/git submodule foreach --recursive git config --local --show-origin --name-only --get-regexp remote.origin.url
2025-11-24T23:09:14.0232280Z ##[debug]0
2025-11-24T23:09:14.0232690Z ##[debug]
2025-11-24T23:09:14.0239581Z [command]/usr/bin/git config --local http.https://github.com/.extraheader AUTHORIZATION: basic ***
2025-11-24T23:09:14.0258595Z ##[debug]0
2025-11-24T23:09:14.0259172Z ##[debug]
2025-11-24T23:09:14.0265809Z ::endgroup::
2025-11-24T23:09:14.0266048Z ##[endgroup]
2025-11-24T23:09:14.0266471Z ::group::Fetching the repository
2025-11-24T23:09:14.0266760Z ##[group]Fetching the repository
2025-11-24T23:09:14.0273605Z [command]/usr/bin/git -c protocol.version=2 fetch --no-tags --prune --no-recurse-submodules --depth=1 origin +2a6db8d02c2d54ad0e6e53b4123801f48da7e8c1:refs/remotes/origin/main
2025-11-24T23:09:14.4413527Z From https://github.com/opj161/cadence-3
2025-11-24T23:09:14.4414279Z  * [new ref]         2a6db8d02c2d54ad0e6e53b4123801f48da7e8c1 -> origin/main
2025-11-24T23:09:14.4444054Z ##[debug]0
2025-11-24T23:09:14.4444795Z ##[debug]
2025-11-24T23:09:14.4445376Z ::endgroup::
2025-11-24T23:09:14.4445709Z ##[endgroup]
2025-11-24T23:09:14.4446328Z ::group::Determining the checkout info
2025-11-24T23:09:14.4446845Z ##[group]Determining the checkout info
2025-11-24T23:09:14.4447717Z ::endgroup::
2025-11-24T23:09:14.4448052Z ##[endgroup]
2025-11-24T23:09:14.4452935Z [command]/usr/bin/git sparse-checkout disable
2025-11-24T23:09:14.4485259Z ##[debug]0
2025-11-24T23:09:14.4485916Z ##[debug]
2025-11-24T23:09:14.4490831Z [command]/usr/bin/git config --local --unset-all extensions.worktreeConfig
2025-11-24T23:09:14.4511946Z ##[debug]0
2025-11-24T23:09:14.4512608Z ##[debug]
2025-11-24T23:09:14.4513247Z ::group::Checking out the ref
2025-11-24T23:09:14.4513708Z ##[group]Checking out the ref
2025-11-24T23:09:14.4517882Z [command]/usr/bin/git checkout --progress --force -B main refs/remotes/origin/main
2025-11-24T23:09:14.4564873Z Switched to a new branch 'main'
2025-11-24T23:09:14.4566060Z branch 'main' set up to track 'origin/main'.
2025-11-24T23:09:14.4571118Z ##[debug]0
2025-11-24T23:09:14.4571929Z ##[debug]branch 'main' set up to track 'origin/main'.
2025-11-24T23:09:14.4572456Z ##[debug]
2025-11-24T23:09:14.4573066Z ::endgroup::
2025-11-24T23:09:14.4573426Z ##[endgroup]
2025-11-24T23:09:14.4600313Z ##[debug]0
2025-11-24T23:09:14.4601145Z ##[debug]commit 2a6db8d02c2d54ad0e6e53b4123801f48da7e8c1
2025-11-24T23:09:14.4601892Z ##[debug]Author: opj161 <154816371+opj161@users.noreply.github.com>
2025-11-24T23:09:14.4602501Z ##[debug]Date:   Tue Nov 25 00:06:15 2025 +0100
2025-11-24T23:09:14.4602911Z ##[debug]
2025-11-24T23:09:14.4603387Z ##[debug]    Merge pull request #1 from opj161/copilot/deploy-app-to-github-pages
2025-11-24T23:09:14.4603950Z ##[debug]    
2025-11-24T23:09:14.4604353Z ##[debug]    Configure GitHub Pages deployment for cadence-3
2025-11-24T23:09:14.4604825Z ##[debug]
2025-11-24T23:09:14.4605356Z [command]/usr/bin/git log -1 --format=%H
2025-11-24T23:09:14.4624387Z 2a6db8d02c2d54ad0e6e53b4123801f48da7e8c1
2025-11-24T23:09:14.4627772Z ##[debug]0
2025-11-24T23:09:14.4628477Z ##[debug]2a6db8d02c2d54ad0e6e53b4123801f48da7e8c1
2025-11-24T23:09:14.4628926Z ##[debug]
2025-11-24T23:09:14.4634193Z ##[debug]Unsetting HOME override
2025-11-24T23:09:14.4643424Z ::remove-matcher owner=checkout-git::
2025-11-24T23:09:14.4657452Z ##[debug]Removed matchers: 'checkout-git'
2025-11-24T23:09:14.4694606Z ##[debug]Node Action run completed with exit code 0
2025-11-24T23:09:14.4727030Z ##[debug]Save intra-action state isPost = true
2025-11-24T23:09:14.4727805Z ##[debug]Save intra-action state setSafeDirectory = true
2025-11-24T23:09:14.4728273Z ##[debug]Save intra-action state repositoryPath = /home/runner/work/cadence-3/cadence-3
2025-11-24T23:09:14.4731781Z ##[debug]Set output commit = 2a6db8d02c2d54ad0e6e53b4123801f48da7e8c1
2025-11-24T23:09:14.4732506Z ##[debug]Set output ref = refs/heads/main
2025-11-24T23:09:14.4737351Z ##[debug]Finishing: Checkout
2025-11-24T23:09:14.4748502Z ##[debug]Evaluating condition for step: 'Setup Node'
2025-11-24T23:09:14.4750478Z ##[debug]Evaluating: success()
2025-11-24T23:09:14.4750879Z ##[debug]Evaluating success:
2025-11-24T23:09:14.4751303Z ##[debug]=> true
2025-11-24T23:09:14.4751665Z ##[debug]Result: true
2025-11-24T23:09:14.4752275Z ##[debug]Starting: Setup Node
2025-11-24T23:09:14.4773274Z ##[debug]Register post job cleanup for action: actions/setup-node@v4
2025-11-24T23:09:14.4784969Z ##[debug]Loading inputs
2025-11-24T23:09:14.4804949Z ##[debug]Evaluating: (((github.server_url == 'https://github.com') && github.token) || '')
2025-11-24T23:09:14.4805476Z ##[debug]Evaluating Or:
2025-11-24T23:09:14.4807318Z ##[debug]..Evaluating And:
2025-11-24T23:09:14.4809029Z ##[debug]....Evaluating Equal:
2025-11-24T23:09:14.4809984Z ##[debug]......Evaluating Index:
2025-11-24T23:09:14.4810281Z ##[debug]........Evaluating github:
2025-11-24T23:09:14.4810612Z ##[debug]........=> Object
2025-11-24T23:09:14.4810940Z ##[debug]........Evaluating String:
2025-11-24T23:09:14.4811218Z ##[debug]........=> 'server_url'
2025-11-24T23:09:14.4811576Z ##[debug]......=> 'https://github.com'
2025-11-24T23:09:14.4811887Z ##[debug]......Evaluating String:
2025-11-24T23:09:14.4812166Z ##[debug]......=> 'https://github.com'
2025-11-24T23:09:14.4815547Z ##[debug]....=> true
2025-11-24T23:09:14.4815978Z ##[debug]....Evaluating Index:
2025-11-24T23:09:14.4816289Z ##[debug]......Evaluating github:
2025-11-24T23:09:14.4816585Z ##[debug]......=> Object
2025-11-24T23:09:14.4816847Z ##[debug]......Evaluating String:
2025-11-24T23:09:14.4817375Z ##[debug]......=> 'token'
2025-11-24T23:09:14.4817977Z ##[debug]....=> '***'
2025-11-24T23:09:14.4818397Z ##[debug]..=> '***'
2025-11-24T23:09:14.4818941Z ##[debug]=> '***'
2025-11-24T23:09:14.4823097Z ##[debug]Expanded: ((('https://github.com' == 'https://github.com') && '***') || '')
2025-11-24T23:09:14.4823614Z ##[debug]Result: '***'
2025-11-24T23:09:14.4825818Z ##[debug]Loading env
2025-11-24T23:09:14.4830703Z ##[group]Run actions/setup-node@v4
2025-11-24T23:09:14.4830967Z with:
2025-11-24T23:09:14.4831197Z   node-version: 20
2025-11-24T23:09:14.4831411Z   cache: npm
2025-11-24T23:09:14.4831638Z   always-auth: false
2025-11-24T23:09:14.4831863Z   check-latest: false
2025-11-24T23:09:14.4832217Z   token: ***
2025-11-24T23:09:14.4832422Z ##[endgroup]
2025-11-24T23:09:14.6410289Z ##[debug]isExplicit: 
2025-11-24T23:09:14.6411192Z ##[debug]explicit? false
2025-11-24T23:09:14.6426310Z ##[debug]isExplicit: 20.19.5
2025-11-24T23:09:14.6427320Z ##[debug]explicit? true
2025-11-24T23:09:14.6434272Z ##[debug]isExplicit: 22.21.1
2025-11-24T23:09:14.6434849Z ##[debug]explicit? true
2025-11-24T23:09:14.6443548Z ##[debug]isExplicit: 24.11.1
2025-11-24T23:09:14.6444148Z ##[debug]explicit? true
2025-11-24T23:09:14.6454659Z ##[debug]evaluating 3 versions
2025-11-24T23:09:14.6476718Z ##[debug]matched: 20.19.5
2025-11-24T23:09:14.6477660Z ##[debug]checking cache: /opt/hostedtoolcache/node/20.19.5/x64
2025-11-24T23:09:14.6478508Z ##[debug]Found tool in cache node 20.19.5 x64
2025-11-24T23:09:14.6478877Z Found in cache @ /opt/hostedtoolcache/node/20.19.5/x64
2025-11-24T23:09:14.6483864Z ::group::Environment details
2025-11-24T23:09:14.6484244Z ##[group]Environment details
2025-11-24T23:09:15.0198827Z node: v20.19.5
2025-11-24T23:09:15.0199285Z npm: 10.8.2
2025-11-24T23:09:15.0199575Z yarn: 1.22.22
2025-11-24T23:09:15.0200295Z ::endgroup::
2025-11-24T23:09:15.0200639Z ##[endgroup]
2025-11-24T23:09:15.0225649Z [command]/opt/hostedtoolcache/node/20.19.5/x64/bin/npm config get cache
2025-11-24T23:09:15.1350179Z /home/runner/.npm
2025-11-24T23:09:15.1403698Z ##[debug]npm's cache folder "/home/runner/.npm" configured for the root directory
2025-11-24T23:09:15.1410678Z ##[debug]followSymbolicLinks 'true'
2025-11-24T23:09:15.1447975Z ##[debug]followSymbolicLinks 'true'
2025-11-24T23:09:15.1448805Z ##[debug]implicitDescendants 'true'
2025-11-24T23:09:15.1457546Z ##[debug]matchDirectories 'true'
2025-11-24T23:09:15.1458734Z ##[debug]omitBrokenSymbolicLinks 'true'
2025-11-24T23:09:15.1459564Z ##[debug]excludeHiddenFiles 'false'
2025-11-24T23:09:15.1460424Z ##[debug]Search path '/home/runner/work/cadence-3/cadence-3/package-lock.json'
2025-11-24T23:09:15.1467333Z ##[debug]/home/runner/work/cadence-3/cadence-3/package-lock.json
2025-11-24T23:09:15.1532762Z ##[debug]Found 1 files to hash.
2025-11-24T23:09:15.1533685Z ##[debug]primary key is node-cache-Linux-x64-npm-26e7a29b360c5d805765783bf7be6003daa5ae2d911750425e4250488fb2370a
2025-11-24T23:09:15.1536780Z ##[debug]Cache service version: v2
2025-11-24T23:09:15.1539925Z ##[debug]Resolved Keys:
2025-11-24T23:09:15.1541117Z ##[debug]["node-cache-Linux-x64-npm-26e7a29b360c5d805765783bf7be6003daa5ae2d911750425e4250488fb2370a"]
2025-11-24T23:09:15.1544974Z ##[debug]Checking zstd --quiet --version
2025-11-24T23:09:15.1611575Z ##[debug]1.5.7
2025-11-24T23:09:15.1614600Z ##[debug]zstd version: 1.5.7
2025-11-24T23:09:15.1626622Z ##[debug][Request] GetCacheEntryDownloadURL https://results-receiver.actions.githubusercontent.com/twirp/github.actions.results.api.v1.CacheService/GetCacheEntryDownloadURL
2025-11-24T23:09:15.4283527Z ##[debug][Response] - 200
2025-11-24T23:09:15.4284604Z ##[debug]Headers: {
2025-11-24T23:09:15.4284973Z ##[debug]  "content-length": "537",
2025-11-24T23:09:15.4285298Z ##[debug]  "content-type": "application/json",
2025-11-24T23:09:15.4285629Z ##[debug]  "date": "Mon, 24 Nov 2025 23:09:15 GMT",
2025-11-24T23:09:15.4285988Z ##[debug]  "x-github-backend": "Kubernetes",
2025-11-24T23:09:15.4286378Z ##[debug]  "x-github-request-id": "7C42:83733:4FAC13:5FFEDE:6924E59B"
2025-11-24T23:09:15.4286716Z ##[debug]}
2025-11-24T23:09:15.4290417Z ::add-mask::***
2025-11-24T23:09:15.4292074Z ::add-mask::***
2025-11-24T23:09:15.4292821Z ##[debug]Body: {
2025-11-24T23:09:15.4293052Z ##[debug]  "ok": true,
2025-11-24T23:09:15.4294802Z ##[debug]  "signed_download_url": "https://productionresultssa3.blob.core.windows.net/actions-cache/9ed-1827702814?se=2025-11-24T23%3A19%3A15Z&sig=***&ske=2025-11-25T10%3A55%3A13Z&skoid=ca7593d4-ee42-46cd-af88-8b886a2f84eb&sks=b&skt=2025-11-24T22%3A55%3A13Z&sktid=398a6654-997b-47e9-b12b-9515b896b4de&skv=2025-11-05&sp=r&spr=https&sr=b&st=2025-11-24T23%3A09%3A10Z&sv=2025-11-05",
2025-11-24T23:09:15.4297242Z ##[debug]  "matched_key": "node-cache-Linux-x64-npm-26e7a29b360c5d805765783bf7be6003daa5ae2d911750425e4250488fb2370a"
2025-11-24T23:09:15.4298144Z ##[debug]}
2025-11-24T23:09:15.4299033Z Cache hit for: node-cache-Linux-x64-npm-26e7a29b360c5d805765783bf7be6003daa5ae2d911750425e4250488fb2370a
2025-11-24T23:09:15.4304504Z ##[debug]Archive path: /home/runner/work/_temp/842bd534-4057-4b54-9bcb-fe2ff89737aa/cache.tzst
2025-11-24T23:09:15.4306411Z ##[debug]Starting download of archive to: /home/runner/work/_temp/842bd534-4057-4b54-9bcb-fe2ff89737aa/cache.tzst
2025-11-24T23:09:15.4307913Z ##[debug]Use Azure SDK: true
2025-11-24T23:09:15.4308734Z ##[debug]Download concurrency: 8
2025-11-24T23:09:15.4309490Z ##[debug]Request timeout (ms): 30000
2025-11-24T23:09:15.4310496Z ##[debug]Cache segment download timeout mins env var: undefined
2025-11-24T23:09:15.4311494Z ##[debug]Segment download timeout (ms): 600000
2025-11-24T23:09:15.4312359Z ##[debug]Lookup only: false
2025-11-24T23:09:15.7051124Z ##[debug]Downloading segment at offset 0 with length 23582642...
2025-11-24T23:09:16.7055006Z Received 19388338 of 23582642 (82.2%), 18.5 MBs/sec
2025-11-24T23:09:16.8689373Z Received 23582642 of 23582642 (100.0%), 19.3 MBs/sec
2025-11-24T23:09:16.8690286Z Cache Size: ~22 MB (23582642 B)
2025-11-24T23:09:16.8717852Z [command]/usr/bin/tar -tf /home/runner/work/_temp/842bd534-4057-4b54-9bcb-fe2ff89737aa/cache.tzst -P --use-compress-program unzstd
2025-11-24T23:09:16.8770721Z ../../../.npm/
2025-11-24T23:09:16.8771249Z ../../../.npm/_cacache/
2025-11-24T23:09:16.8771606Z ../../../.npm/_cacache/content-v2/
2025-11-24T23:09:16.8772019Z ../../../.npm/_cacache/content-v2/sha512/
2025-11-24T23:09:16.8772443Z ../../../.npm/_cacache/content-v2/sha512/db/
2025-11-24T23:09:16.8773164Z ../../../.npm/_cacache/content-v2/sha512/db/ed/
2025-11-24T23:09:16.8774429Z ../../../.npm/_cacache/content-v2/sha512/db/ed/6d8465145968cb4d84c76562b59fc6206b48a3073d5702151770acbcd6b77983aca1ee11aa329e39bfb71a7526c41dcf46dce4efe394b29de44dde9b380d
2025-11-24T23:09:16.8781672Z ../../../.npm/_cacache/content-v2/sha512/b2/
2025-11-24T23:09:16.8782417Z ../../../.npm/_cacache/content-v2/sha512/b2/2e/
2025-11-24T23:09:16.8783829Z ../../../.npm/_cacache/content-v2/sha512/b2/2e/d0588eb350cab9e9b11216f6a0b66ccc7463ada317d1f927b3d753286df73bb66f9591472493d6d6d9479f7d319551b3a4b31992c34000da0b3c83bd4d09
2025-11-24T23:09:16.8785418Z ../../../.npm/_cacache/content-v2/sha512/d1/
2025-11-24T23:09:16.8785872Z ../../../.npm/_cacache/content-v2/sha512/d1/1f/
2025-11-24T23:09:16.8787315Z ../../../.npm/_cacache/content-v2/sha512/d1/1f/629116faebc1c1ed00f14f5be4a6e501b6a739dd8c80c0cc0679414a4688d8fcd58abdd67ef5462d45f1a686a35b4644d256931b9b28578a9145bf671bfc
2025-11-24T23:09:16.8788658Z ../../../.npm/_cacache/content-v2/sha512/6d/
2025-11-24T23:09:16.8789168Z ../../../.npm/_cacache/content-v2/sha512/6d/b3/
2025-11-24T23:09:16.8790620Z ../../../.npm/_cacache/content-v2/sha512/6d/b3/c1618aed65b92de8eb3a1624cb093171beae2db7724a6a5975bd1c2c840ddf755cedb0b01ab45699a1b864042f3f06b3deb686b4a24b18a0a5e81b8af226
2025-11-24T23:09:16.8792181Z ../../../.npm/_cacache/content-v2/sha512/6d/12/
2025-11-24T23:09:16.8793493Z ../../../.npm/_cacache/content-v2/sha512/6d/12/128022233f6d3fb5b5923d63048b9e1054f45913192e0fd9492fe508c542adc15240f305b54eb6f58ccb354455e8d42053359ff98690bd42f98a59da292b
2025-11-24T23:09:16.8794832Z ../../../.npm/_cacache/content-v2/sha512/af/
2025-11-24T23:09:16.8795296Z ../../../.npm/_cacache/content-v2/sha512/af/49/
2025-11-24T23:09:16.8796678Z ../../../.npm/_cacache/content-v2/sha512/af/49/e72ff236f198bfca39357a5ea2963dbbb4a71d8cbb0da80399af4c958d63eb490c8780a23620d6845b0db56c0412bf62d746dd57b824bf1a898da563b1b1
2025-11-24T23:09:16.8798262Z ../../../.npm/_cacache/content-v2/sha512/80/
2025-11-24T23:09:16.8798758Z ../../../.npm/_cacache/content-v2/sha512/80/85/
2025-11-24T23:09:16.8800117Z ../../../.npm/_cacache/content-v2/sha512/80/85/e32aab45b96120cc544903d58241e4892d90e380950e302333c6dbc5abfdfb2a88ccd41146b9faac0b2d2be2a4909982ec65831ec91ab321638cba9d37b3
2025-11-24T23:09:16.8801311Z ../../../.npm/_cacache/content-v2/sha512/cd/
2025-11-24T23:09:16.8801726Z ../../../.npm/_cacache/content-v2/sha512/cd/b0/
2025-11-24T23:09:16.8802407Z ../../../.npm/_cacache/content-v2/sha512/cd/b0/7dac22404f5adb8e25436f686a2851cd60bc60b64f0d511c59dc86700f717a36dc5b5d94029e74a2d4b931f880e885d3e5169db6db05402c885e64941212
2025-11-24T23:09:16.8803546Z ../../../.npm/_cacache/content-v2/sha512/cd/1a/
2025-11-24T23:09:16.8805132Z ../../../.npm/_cacache/content-v2/sha512/cd/1a/54883c1dff193a003a8f3004c6f2f73d54fae4724ed3d3b388c748278e62409c79d35573501b7bdfbd636e899224c2ef4aaca740d6224a7ec7d357113a34
2025-11-24T23:09:16.8806669Z ../../../.npm/_cacache/content-v2/sha512/cd/5f/
2025-11-24T23:09:16.8808437Z ../../../.npm/_cacache/content-v2/sha512/cd/5f/f91ca4df09e2969f11b40e6af0e7584458519f705db1897a9c037f89f74583b8fd12be88923b9391bdc06c89f9b1fc5a088e040dde834e19a4393e12c592
2025-11-24T23:09:16.8809755Z ../../../.npm/_cacache/content-v2/sha512/cd/bc/
2025-11-24T23:09:16.8811112Z ../../../.npm/_cacache/content-v2/sha512/cd/bc/284ec06bb9378a07d852abbde16baea215e247b9a16451bc2fa84967ca0a0d6e3fe31d1b127a8928c1914ddc267ae08bc4a9c9a69157bcf4e3d773b95d03
2025-11-24T23:09:16.8812339Z ../../../.npm/_cacache/content-v2/sha512/f9/
2025-11-24T23:09:16.8812759Z ../../../.npm/_cacache/content-v2/sha512/f9/6e/
2025-11-24T23:09:16.8813956Z ../../../.npm/_cacache/content-v2/sha512/f9/6e/9c21291715ad635ec0c475803c1de7af413fc550b871cd1f7da71a6196d65c55aba0a6ce774c709e89603c4a0bb1c694a9de028f8ae61f496a2990b43887
2025-11-24T23:09:16.8815151Z ../../../.npm/_cacache/content-v2/sha512/83/
2025-11-24T23:09:16.8815564Z ../../../.npm/_cacache/content-v2/sha512/83/2b/
2025-11-24T23:09:16.8817015Z ../../../.npm/_cacache/content-v2/sha512/83/2b/5751bb3c936b174bd3e7429b73e68d109e92cbe754b001220e458e97681285f3c9ec393d19c3db332ea9521900cfff84e58c1003e72f7ca765357ea91db3
2025-11-24T23:09:16.8818625Z ../../../.npm/_cacache/content-v2/sha512/e0/
2025-11-24T23:09:16.8819163Z ../../../.npm/_cacache/content-v2/sha512/e0/38/
2025-11-24T23:09:16.8820377Z ../../../.npm/_cacache/content-v2/sha512/e0/38/fa336f0907ea001fc9059132d4a3e6b68f038592ea9bdf2b9c53408035c45151bc52d1c3f49d96021a371cdc1357c1122c5159831a0cdac267bbcef247be
2025-11-24T23:09:16.8821737Z ../../../.npm/_cacache/content-v2/sha512/61/
2025-11-24T23:09:16.8822199Z ../../../.npm/_cacache/content-v2/sha512/61/51/
2025-11-24T23:09:16.8823574Z ../../../.npm/_cacache/content-v2/sha512/61/51/888f691a98b493c70e8db198e80717d2c2c9f4c9c75eb26738a7e436d5ce733ee675a65f8d7f155dc4fb5d1ef98d54e43a5d2606e0052dcadfc58bb0f5e9
2025-11-24T23:09:16.8825063Z ../../../.npm/_cacache/content-v2/sha512/63/
2025-11-24T23:09:16.8825597Z ../../../.npm/_cacache/content-v2/sha512/63/7f/
2025-11-24T23:09:16.8827257Z ../../../.npm/_cacache/content-v2/sha512/63/7f/153d21dcaa416b0a916743dbee4979aabaebf9a1738aa46793e9a1abaf7a3719cf409556ba2417d448e0a76f1186645fbfd28a08ecaacfb944b3b54754e4
2025-11-24T23:09:16.8828049Z ../../../.npm/_cacache/content-v2/sha512/cf/
2025-11-24T23:09:16.8828599Z ../../../.npm/_cacache/content-v2/sha512/cf/33/
2025-11-24T23:09:16.8829876Z ../../../.npm/_cacache/content-v2/sha512/cf/33/51f9275048327373c8e869e3fc410a0242bf0db98c76748232b65d507811191c9f6e5ba85e6ecad881bcfc849c1441aa374d608cb667d5f0dbb5b7038b03
2025-11-24T23:09:16.8831220Z ../../../.npm/_cacache/content-v2/sha512/cf/29/
2025-11-24T23:09:16.8832644Z ../../../.npm/_cacache/content-v2/sha512/cf/29/a6e7ebbeb02b125b20fda8d69e8d5dc316f84229c94a762cd868952e1c0f3744b8dbee74ae1a775d0871afd2193e298ec130096c59e2b851e83a115e9742
2025-11-24T23:09:16.8834288Z ../../../.npm/_cacache/content-v2/sha512/0d/
2025-11-24T23:09:16.8834808Z ../../../.npm/_cacache/content-v2/sha512/0d/f5/
2025-11-24T23:09:16.8836321Z ../../../.npm/_cacache/content-v2/sha512/0d/f5/cdf037e127b347dce7bb7059aedcd0aed7029b911789f13a2bcd20056d22ab94d69048a7c8cea62a558f3395bb3634b05b5a9462539d865f63db68154d92
2025-11-24T23:09:16.8837719Z ../../../.npm/_cacache/content-v2/sha512/f8/
2025-11-24T23:09:16.8838229Z ../../../.npm/_cacache/content-v2/sha512/f8/ec/
2025-11-24T23:09:16.8839705Z ../../../.npm/_cacache/content-v2/sha512/f8/ec/66eeaf610e82ccc893987d4601b87428f9d9009688b7ddaa4e3cfe7aa738febec7490f3afe8f5348484e69c9a02e28be00dd40f7e2a774971e7e91f2a9da
2025-11-24T23:09:16.8841241Z ../../../.npm/_cacache/content-v2/sha512/f8/2a/
2025-11-24T23:09:16.8842734Z ../../../.npm/_cacache/content-v2/sha512/f8/2a/ac31b1cf8924ddb523b5e0ee7578c365ae9f4defd8267aa9977a8b893a17ee70079d1f0f67a157bf9f9b89937b5b284e9afba642420dd13e15611c1c8023
2025-11-24T23:09:16.8844216Z ../../../.npm/_cacache/content-v2/sha512/44/
2025-11-24T23:09:16.8844743Z ../../../.npm/_cacache/content-v2/sha512/44/6c/
2025-11-24T23:09:16.8846335Z ../../../.npm/_cacache/content-v2/sha512/44/6c/305a7c10be455f6af295b76d8518bc3ec5849dcc04709b4aeee83853540dee994e6165cdbc57790ee2cb6062bcab4e52e9baf808f468a28e5b408cd6dca8
2025-11-24T23:09:16.8847991Z ../../../.npm/_cacache/content-v2/sha512/44/7c/
2025-11-24T23:09:16.8849459Z ../../../.npm/_cacache/content-v2/sha512/44/7c/4c2e9f659ca1c61d19e0f5016144231b600715a67ebdb2648672addfdfac638155564e18f8aaa2db4cb96aed2b23f01f9f210d44b8210623694ab3241e23
2025-11-24T23:09:16.8850995Z ../../../.npm/_cacache/content-v2/sha512/7e/
2025-11-24T23:09:16.8851551Z ../../../.npm/_cacache/content-v2/sha512/7e/3a/
2025-11-24T23:09:16.8853137Z ../../../.npm/_cacache/content-v2/sha512/7e/3a/ae0b9f5c0fb0b25babab3572b4141b9f9197288861bcd304ee3ee8d7e7dd1c0794ed967db4136501e12fd601156a8577df665d8b3604be81074f2088a6fe
2025-11-24T23:09:16.8854928Z ../../../.npm/_cacache/content-v2/sha512/26/
2025-11-24T23:09:16.8855503Z ../../../.npm/_cacache/content-v2/sha512/26/dd/
2025-11-24T23:09:16.8856924Z ../../../.npm/_cacache/content-v2/sha512/26/dd/2f1f233e8e6501aa88c1ec4d4d21869db74bc8d10c63c5dd9312b5bde300f3f84d8b026e6f28c5d7c20e996414c73ee5250e0407297be318175f705d590d
2025-11-24T23:09:16.8858794Z ../../../.npm/_cacache/content-v2/sha512/f1/
2025-11-24T23:09:16.8859348Z ../../../.npm/_cacache/content-v2/sha512/f1/06/
2025-11-24T23:09:16.8860548Z ../../../.npm/_cacache/content-v2/sha512/f1/06/a0c0c1f790d0aecc3f0458bf11d983d6e5ee0eac73520074450dd985a84c04683fca70d2a3568ba6a3e80fdaf5b978a07650f6cceaf4d8886657d22c4b9f
2025-11-24T23:09:16.8861921Z ../../../.npm/_cacache/content-v2/sha512/ba/
2025-11-24T23:09:16.8862346Z ../../../.npm/_cacache/content-v2/sha512/ba/a6/
2025-11-24T23:09:16.8863845Z ../../../.npm/_cacache/content-v2/sha512/ba/a6/4c4cbaffcd1fde7788c81a7c122e468798f8ce8c9be79ba4d5562b406b4f122d2f59d1533cc08471ee059b241e7f279e18b883089c3aae5b262f40b66483
2025-11-24T23:09:16.8865318Z ../../../.npm/_cacache/content-v2/sha512/1e/
2025-11-24T23:09:16.8865735Z ../../../.npm/_cacache/content-v2/sha512/1e/72/
2025-11-24T23:09:16.8866984Z ../../../.npm/_cacache/content-v2/sha512/1e/72/ce091def8dc63c6dea0d2ed723679fe7c67d9a7e6304ea586b0eb79ba24a8c6a9f976de5bc9fd4d7a4f0cea9d18ae6a708de84f418a4d6eb00bb10c895a8
2025-11-24T23:09:16.8868419Z ../../../.npm/_cacache/content-v2/sha512/6f/
2025-11-24T23:09:16.8868875Z ../../../.npm/_cacache/content-v2/sha512/6f/3c/
2025-11-24T23:09:16.8870005Z ../../../.npm/_cacache/content-v2/sha512/6f/3c/99d5ef3cc3d3b588d25b2a73a5bd84eb58f0e5e3a3b56c6d03dd7227bfef6d90faf1acdf235144e21650e4926296827d4ce827c8035dd2b86a8e6bd2a8af
2025-11-24T23:09:16.8871317Z ../../../.npm/_cacache/content-v2/sha512/72/
2025-11-24T23:09:16.8871791Z ../../../.npm/_cacache/content-v2/sha512/72/34/
2025-11-24T23:09:16.8873062Z ../../../.npm/_cacache/content-v2/sha512/72/34/3b66543432fddbe3b84006e4debf24ee60de22fa5a09286795f5f95c0a020adfb7025d187e2f56ddde20479729deae143b0610a49f604f6d050bfab1aa16
2025-11-24T23:09:16.8874313Z ../../../.npm/_cacache/content-v2/sha512/8f/
2025-11-24T23:09:16.8874751Z ../../../.npm/_cacache/content-v2/sha512/8f/66/
2025-11-24T23:09:16.8876026Z ../../../.npm/_cacache/content-v2/sha512/8f/66/6ae0dc90606e573124f871bb34d8093c88951dc513345c8e50cb15ee64ecca3883665aeae9dec997bb7cb9c03709ae9b70a528e05c7cc8431474a265e58d
2025-11-24T23:09:16.8877311Z ../../../.npm/_cacache/content-v2/sha512/87/
2025-11-24T23:09:16.8877744Z ../../../.npm/_cacache/content-v2/sha512/87/f3/
2025-11-24T23:09:16.8879007Z ../../../.npm/_cacache/content-v2/sha512/87/f3/54692c86e44cb1048a7c611c68e1131edbfa9082fca8c11c1533385884108e35b5bc3d4b20e2590532b86066151ee73dcbdcc88b0eebf227f09a3dad80f0
2025-11-24T23:09:16.8880267Z ../../../.npm/_cacache/content-v2/sha512/8b/
2025-11-24T23:09:16.8880702Z ../../../.npm/_cacache/content-v2/sha512/8b/00/
2025-11-24T23:09:16.8881990Z ../../../.npm/_cacache/content-v2/sha512/8b/00/d9aa0d10006ae0f516afe47e27d0ceb87379a4479f5c27ac10a7eec2e2723482c984c5a79d6982cd3b8e1e4f802d041c236d38863cc96dd8c7744fd1fd25
2025-11-24T23:09:16.8883255Z ../../../.npm/_cacache/content-v2/sha512/23/
2025-11-24T23:09:16.8883681Z ../../../.npm/_cacache/content-v2/sha512/23/cf/
2025-11-24T23:09:16.8884894Z ../../../.npm/_cacache/content-v2/sha512/23/cf/1361959cf578981d1438ff7739ae38df8248e12f25b696e18885e18445b350e8e63bc93c9b6a74a90d765af32ed550ff589837186be7b2ab871aee22ea58
2025-11-24T23:09:16.8886092Z ../../../.npm/_cacache/content-v2/sha512/23/ea/
2025-11-24T23:09:16.8887477Z ../../../.npm/_cacache/content-v2/sha512/23/ea/0b5e0a442730fa0b0bb0b758188f1b039aefd2fca778d6698b0373befee1f6a4544efc3bce8d4c86a332fc8f729e2d5e96c99eecb0fc042ccb1709cb0901
2025-11-24T23:09:16.8888745Z ../../../.npm/_cacache/content-v2/sha512/a2/
2025-11-24T23:09:16.8889186Z ../../../.npm/_cacache/content-v2/sha512/a2/39/
2025-11-24T23:09:16.8890446Z ../../../.npm/_cacache/content-v2/sha512/a2/39/9e374a9dfb2d23b3312da18e3caf43deab97703049089423aee90e5fe3595f92cc17b8ab58ae18284e92e7c887079b6e1486ac7ee53aa6d889d2c0b844e9
2025-11-24T23:09:16.8891699Z ../../../.npm/_cacache/content-v2/sha512/ec/
2025-11-24T23:09:16.8892128Z ../../../.npm/_cacache/content-v2/sha512/ec/00/
2025-11-24T23:09:16.8893392Z ../../../.npm/_cacache/content-v2/sha512/ec/00/6f8b230e957e612150fad1839f1f0e3f0b139f061c9db9a601fb06c55825a89e2e0ded22dc578ea1ad5464b6e05b663142f4e372a9a99921337bab79f7db
2025-11-24T23:09:16.8894802Z ../../../.npm/_cacache/content-v2/sha512/a9/
2025-11-24T23:09:16.8895218Z ../../../.npm/_cacache/content-v2/sha512/a9/2b/
2025-11-24T23:09:16.8896415Z ../../../.npm/_cacache/content-v2/sha512/a9/2b/3889fc33289495dfdb9c363b2f73a5951ece9bed2d37b0e87639c1c5f541df54fa965802d4b0d515ce1481888b63459a0b1f1ee721aad58ea295bac519d5
2025-11-24T23:09:16.8897701Z ../../../.npm/_cacache/content-v2/sha512/a9/0e/
2025-11-24T23:09:16.8899104Z ../../../.npm/_cacache/content-v2/sha512/a9/0e/66e3c788fcc14b4393f1423e0f15aa6b8f20932c8dfb12558c98db342bc2e4ddd55e39d36907792cf2373bc8ce420e6542ef778c564fedae4ddf826ad4a4
2025-11-24T23:09:16.8900285Z ../../../.npm/_cacache/content-v2/sha512/b5/
2025-11-24T23:09:16.8900736Z ../../../.npm/_cacache/content-v2/sha512/b5/bc/
2025-11-24T23:09:16.8902015Z ../../../.npm/_cacache/content-v2/sha512/b5/bc/9d911fc2c5f3307a5374bf074ffe92e40f0c8001267e55f5a6e043b0941e925a1c75b189d62eaa3c3798f4ac0ccf7f37d16b1b7498cff8c0f53f4aef3845
2025-11-24T23:09:16.8903282Z ../../../.npm/_cacache/content-v2/sha512/32/
2025-11-24T23:09:16.8903766Z ../../../.npm/_cacache/content-v2/sha512/32/70/
2025-11-24T23:09:16.8905011Z ../../../.npm/_cacache/content-v2/sha512/32/70/3e613f1fc1f24f801c779bad0c36a6a49b7d173a4c88a07d72ea1b9342f0b43f0646ee48bc35a70b05cacf6cda28f2f119cbb269ba4efe8cc3be094a2f4d
2025-11-24T23:09:16.8906023Z ../../../.npm/_cacache/content-v2/sha512/97/
2025-11-24T23:09:16.8906503Z ../../../.npm/_cacache/content-v2/sha512/97/43/
2025-11-24T23:09:16.8907745Z ../../../.npm/_cacache/content-v2/sha512/97/43/84f302f7e0fe27247fc7d9f7e86a7880a24336a929abb571e6969bd8af9015557f26b00c96d25f0d549143c6548ae2edd487f7f8d5c42178355d9d88a3c1
2025-11-24T23:09:16.8909119Z ../../../.npm/_cacache/content-v2/sha512/82/
2025-11-24T23:09:16.8909533Z ../../../.npm/_cacache/content-v2/sha512/82/60/
2025-11-24T23:09:16.8910856Z ../../../.npm/_cacache/content-v2/sha512/82/60/46b25a68409b609cc02f395a86669133f5dca82930b3cb69dfcff9fc68816137f8c213fac299cc5a6c1ea338e1d5fb458d9f294ec5ac4140f4af71692584
2025-11-24T23:09:16.8911994Z ../../../.npm/_cacache/content-v2/sha512/74/
2025-11-24T23:09:16.8912419Z ../../../.npm/_cacache/content-v2/sha512/74/ec/
2025-11-24T23:09:16.8913676Z ../../../.npm/_cacache/content-v2/sha512/74/ec/bedc0b96ddadb035b64722e319a537208c6b8b53fb812ffb9b71917d3976c3a3c7dfe0ef32569e417f479f4bcb84a18a39ab8171edd63d3a04065e002c40
2025-11-24T23:09:16.8915025Z ../../../.npm/_cacache/content-v2/sha512/e9/
2025-11-24T23:09:16.8915511Z ../../../.npm/_cacache/content-v2/sha512/e9/4c/
2025-11-24T23:09:16.8916771Z ../../../.npm/_cacache/content-v2/sha512/e9/4c/e40acf9e8c6759e661450bf38252bbf4dbc69bd9fa75ce76660998c03812a204ada35c3d4ef813d27d7f17daa8c9ef97d904c4a7427dd1ab69ab0492b69b
2025-11-24T23:09:16.8917995Z ../../../.npm/_cacache/content-v2/sha512/75/
2025-11-24T23:09:16.8918422Z ../../../.npm/_cacache/content-v2/sha512/75/61/
2025-11-24T23:09:16.8919494Z ../../../.npm/_cacache/content-v2/sha512/75/61/f31dad96a845c8fced44f4e8eba1c313289976992ac4a258752289abbfa53e26e3706875ec5f1f5b2eee601bb05458520dd2c90840943f2f5ac87b1e17eb
2025-11-24T23:09:16.8920716Z ../../../.npm/_cacache/content-v2/sha512/75/10/
2025-11-24T23:09:16.8921926Z ../../../.npm/_cacache/content-v2/sha512/75/10/7bf2cacdfe5ea0a96ba56a1f52af17989f179d7481b7d3e18ea8affd3a52d5c8b8371cf9ebe92a8e59358e5ca4700b6786602919e7d34db9282f4aba6038
2025-11-24T23:09:16.8923196Z ../../../.npm/_cacache/content-v2/sha512/31/
2025-11-24T23:09:16.8923639Z ../../../.npm/_cacache/content-v2/sha512/31/28/
2025-11-24T23:09:16.8924940Z ../../../.npm/_cacache/content-v2/sha512/31/28/d8cdc58d380d1ec001e9cf4331a5816fc20eb28f2d4d1b7c6d7a8ab3eb8e150a8fd13e09ebd7f186b7e89cde2253cd0f04bb74dd335e126b09d5526184e8
2025-11-24T23:09:16.8926195Z ../../../.npm/_cacache/content-v2/sha512/2f/
2025-11-24T23:09:16.8926616Z ../../../.npm/_cacache/content-v2/sha512/2f/5f/
2025-11-24T23:09:16.8927824Z ../../../.npm/_cacache/content-v2/sha512/2f/5f/03689b17494936fb8da9bfc98bb398c94f686a164144e23db5c0e9a06d4aac67684bef636c514efce60f515e0a37b3464d815978d93887a7766d3affd5ca
2025-11-24T23:09:16.8929386Z ../../../.npm/_cacache/content-v2/sha512/b9/
2025-11-24T23:09:16.8929851Z ../../../.npm/_cacache/content-v2/sha512/b9/f1/
2025-11-24T23:09:16.8931238Z ../../../.npm/_cacache/content-v2/sha512/b9/f1/5dd978bdd8e0153d8b32f8fe27eff53b7baf1f7b1d3e11ef20486f4a5fb7a8d3ce025a2438b1dc64b6f765d1b38fba95ed5493d8d7dce4e84c16a9443c96
2025-11-24T23:09:16.8932653Z ../../../.npm/_cacache/content-v2/sha512/b9/5d/
2025-11-24T23:09:16.8934144Z ../../../.npm/_cacache/content-v2/sha512/b9/5d/903963f69d6ceccb668ca7c69189b862f5d9731791e0879487681f4e893184c834e2249cb1d2ecb9d505ddc966ed00736e6b85c9cd429c6b73b3294777bc
2025-11-24T23:09:16.8935441Z ../../../.npm/_cacache/content-v2/sha512/dc/
2025-11-24T23:09:16.8935902Z ../../../.npm/_cacache/content-v2/sha512/dc/c4/
2025-11-24T23:09:16.8937365Z ../../../.npm/_cacache/content-v2/sha512/dc/c4/5c81ccc115b51ab75c08959a0b274bc209f5e09bb4318e1e7d7198b65f4f118162ed9bd84a3aca73a7b4ce8354d5d9edbafcc2f1476191e720f91a6055db
2025-11-24T23:09:16.8938725Z ../../../.npm/_cacache/content-v2/sha512/dc/48/
2025-11-24T23:09:16.8940034Z ../../../.npm/_cacache/content-v2/sha512/dc/48/458b5154e982fc1d3509679d62986256117fff6a340f7ea58b237050ab84e5bc7cb85f430eaf9ab70f66687ff91ad1de4535d3f06579b763289bfd411dfb
2025-11-24T23:09:16.8941348Z ../../../.npm/_cacache/content-v2/sha512/dc/4c/
2025-11-24T23:09:16.8942675Z ../../../.npm/_cacache/content-v2/sha512/dc/4c/0b161677f09e15c883fa58db6dda451d5bd76891703d0abe08548147b82a59dc7f3f6053a5e498d91e2b2b9f57c04cf06628aa97cc316f87d7d4c07cfa09
2025-11-24T23:09:16.8944016Z ../../../.npm/_cacache/content-v2/sha512/ef/
2025-11-24T23:09:16.8944486Z ../../../.npm/_cacache/content-v2/sha512/ef/20/
2025-11-24T23:09:16.8945867Z ../../../.npm/_cacache/content-v2/sha512/ef/20/10a43d94309ccb8b50eabfba856273db68fc7b65f14ae8f888c50e0f7e418fc8dca5d94831f9afee994a2798aaa384ce039df6ccbdd5faa2d5eaf37b2841
2025-11-24T23:09:16.8947357Z ../../../.npm/_cacache/content-v2/sha512/ef/ef/
2025-11-24T23:09:16.8948719Z ../../../.npm/_cacache/content-v2/sha512/ef/ef/9d161b5cc77df9dee05aabc0c347836ec417ad0730bb6503a19934089c711de9b4ab5dd884cb30af1b4ed9e3851874b4a1594c97b7933fca1cfc7a471bd4
2025-11-24T23:09:16.8950092Z ../../../.npm/_cacache/content-v2/sha512/51/
2025-11-24T23:09:16.8950550Z ../../../.npm/_cacache/content-v2/sha512/51/75/
2025-11-24T23:09:16.8951918Z ../../../.npm/_cacache/content-v2/sha512/51/75/8c2a12cec1529bef6f0852d40f5f17d853ebac7726ed52b2bff2e184f0240cbeb84ea70bf30c1c23d108522fb31073bbc8b084811bc550f3e203431a5f40
2025-11-24T23:09:16.8953295Z ../../../.npm/_cacache/content-v2/sha512/b6/
2025-11-24T23:09:16.8953755Z ../../../.npm/_cacache/content-v2/sha512/b6/66/
2025-11-24T23:09:16.8955141Z ../../../.npm/_cacache/content-v2/sha512/b6/66/d683a5b7d6d40b781e5c74804e89c2432514762b35ec57bb922bd88d7cb590e5b2197f1b8f107a7b33cc221f21e79f40c3d62ef0dd99a29f416d92bc2809
2025-11-24T23:09:16.8956478Z ../../../.npm/_cacache/content-v2/sha512/3b/
2025-11-24T23:09:16.8956941Z ../../../.npm/_cacache/content-v2/sha512/3b/c8/
2025-11-24T23:09:16.8958421Z ../../../.npm/_cacache/content-v2/sha512/3b/c8/dc8da6d76a578e1bd0d0d3e0115d66414df9cfe16340ab3ba224aee5978e009b118abff2763384cf8f18d8df39c109fbc15c5cee726d6dc1dc85c9b16a10
2025-11-24T23:09:16.8959768Z ../../../.npm/_cacache/content-v2/sha512/a7/
2025-11-24T23:09:16.8960248Z ../../../.npm/_cacache/content-v2/sha512/a7/57/
2025-11-24T23:09:16.8961361Z ../../../.npm/_cacache/content-v2/sha512/a7/57/625ba4ea2fd2f4ee7371bd130cee130cc387395cea3fd626cbe1a0081a6480b7db254c4d57830e4a5aea1fdae4cebc283d058ed9462f86685fbbb1f80f79
2025-11-24T23:09:16.8962083Z ../../../.npm/_cacache/content-v2/sha512/06/
2025-11-24T23:09:16.8962358Z ../../../.npm/_cacache/content-v2/sha512/06/ad/
2025-11-24T23:09:16.8963275Z ../../../.npm/_cacache/content-v2/sha512/06/ad/d2992a721476968cf93c21ff7273ab2f33c739e9d079040b56e106f0e631d3c305d77132e844c9290c9a7a54bd17ce559a0874d7ae415444c6260f4b0baa
2025-11-24T23:09:16.8963945Z ../../../.npm/_cacache/content-v2/sha512/62/
2025-11-24T23:09:16.8964199Z ../../../.npm/_cacache/content-v2/sha512/62/f8/
2025-11-24T23:09:16.8965001Z ../../../.npm/_cacache/content-v2/sha512/62/f8/c9a30f45c5b84514a0d2b859d509ed96c57935cd6736d9f15e3d5344696244bbc22b65595d6ba374b87c3366b50cd6297b342f4c969e0c68961b61df494a
2025-11-24T23:09:16.8965680Z ../../../.npm/_cacache/content-v2/sha512/fe/
2025-11-24T23:09:16.8965930Z ../../../.npm/_cacache/content-v2/sha512/fe/32/
2025-11-24T23:09:16.8966602Z ../../../.npm/_cacache/content-v2/sha512/fe/32/99a0ca70d05f06470978fde2d138f03771f717b4b0293f44332e6513fc7b8f0995b207b218f59acc78ac363bf9c522a3d00773d533d6989b4177d760170d
2025-11-24T23:09:16.8967579Z ../../../.npm/_cacache/content-v2/sha512/fe/c3/
2025-11-24T23:09:16.8968798Z ../../../.npm/_cacache/content-v2/sha512/fe/c3/3774ed853b35e3290849ba8d10d7bdf07f628ea3cb7823cbc7cba945f69a14a7b6ca4f4fcd1c4f1f3d7db73f07e19f291faa70b6c51c4e9d5c395ee18868
2025-11-24T23:09:16.8969973Z ../../../.npm/_cacache/content-v2/sha512/05/
2025-11-24T23:09:16.8970252Z ../../../.npm/_cacache/content-v2/sha512/05/1e/
2025-11-24T23:09:16.8970950Z ../../../.npm/_cacache/content-v2/sha512/05/1e/d5bc30951cefaadb10445ac9314ba0c9135a919dbec3c7352ba206fbd425a849f89c07162c88019df8a9749a6abf329ac6f7202b464cab4314cee978cccc
2025-11-24T23:09:16.8971648Z ../../../.npm/_cacache/content-v2/sha512/ae/
2025-11-24T23:09:16.8971907Z ../../../.npm/_cacache/content-v2/sha512/ae/9d/
2025-11-24T23:09:16.8972585Z ../../../.npm/_cacache/content-v2/sha512/ae/9d/d2a34eca71d9a629b1af81a37141226bedb1954959394bd12ad45fa9a5b468ef4f9879a0f1930e4377c34f37e183e9b8e7626d95b8fb825e6a6e62f9825d
2025-11-24T23:09:16.8973290Z ../../../.npm/_cacache/content-v2/sha512/f0/
2025-11-24T23:09:16.8973653Z ../../../.npm/_cacache/content-v2/sha512/f0/fb/
2025-11-24T23:09:16.8974537Z ../../../.npm/_cacache/content-v2/sha512/f0/fb/dc5dfef48130d9060b7da6dc49f1e9417818dc2ce01c3ada0efe63c98ed8e2d7e09d19b1e09bbee89b51abb0fc6c884fae5c8a4d48aeb8518688c105dde1
2025-11-24T23:09:16.8975309Z ../../../.npm/_cacache/content-v2/sha512/dd/
2025-11-24T23:09:16.8975581Z ../../../.npm/_cacache/content-v2/sha512/dd/86/
2025-11-24T23:09:16.8976369Z ../../../.npm/_cacache/content-v2/sha512/dd/86/e2d6d02ec003fdb34af5510d89e27e58d06d396c99295083b4fdb23d321c260fbd12e5a4d66d7181c311eb7a54fe5ccd64e9d334a64f92c0d9294d137b3e
2025-11-24T23:09:16.8977384Z ../../../.npm/_cacache/content-v2/sha512/6b/
2025-11-24T23:09:16.8977681Z ../../../.npm/_cacache/content-v2/sha512/6b/6f/
2025-11-24T23:09:16.8978555Z ../../../.npm/_cacache/content-v2/sha512/6b/6f/2fd9e5abad158fa494b3c5cfa62b09b466d571fc6f127a975064302b9d7614fd74be205ea6a7c681ff813e847d6dc860a80e8dca95409d952c460ec46403
2025-11-24T23:09:16.8979323Z ../../../.npm/_cacache/content-v2/sha512/6b/85/
2025-11-24T23:09:16.8980122Z ../../../.npm/_cacache/content-v2/sha512/6b/85/0641a58f1f9f663975189c01b67b09dc412e22e05e374efdc9a0033eb365430264bd36c2bc1a90cc2eb0873e4b054fb8772ba4cea14367da96fb4685f1e2
2025-11-24T23:09:16.8980886Z ../../../.npm/_cacache/content-v2/sha512/52/
2025-11-24T23:09:16.8981296Z ../../../.npm/_cacache/content-v2/sha512/52/56/
2025-11-24T23:09:16.8982040Z ../../../.npm/_cacache/content-v2/sha512/52/56/d1bb87008866887b090fca2446264d229833764f726389e4fab29a0bd947927f9a1de27e4b07f990e1e8e6c610854f5b587bc22f685ba5cf29d6a2fb0415
2025-11-24T23:09:16.8983294Z ../../../.npm/_cacache/content-v2/sha512/6e/
2025-11-24T23:09:16.8983554Z ../../../.npm/_cacache/content-v2/sha512/6e/e7/
2025-11-24T23:09:16.8984402Z ../../../.npm/_cacache/content-v2/sha512/6e/e7/b01f332f60bdbd8dd7904d520b79c49a64a9edfd12568e8642179396eb467aeff1a648b06438533baa1d4f237cc536d25b6992f9790bb5bcb7daccec23e2
2025-11-24T23:09:16.8985237Z ../../../.npm/_cacache/content-v2/sha512/7b/
2025-11-24T23:09:16.8985539Z ../../../.npm/_cacache/content-v2/sha512/7b/b8/
2025-11-24T23:09:16.8986216Z ../../../.npm/_cacache/content-v2/sha512/7b/b8/d3e03c58bc80cb935647994fe6fe6075f6b7b1f6cbf47367ed06d8d206ffa454cffdd367a1d1f20d5330fb5302cb351fa3539f391b1509f3f1017c03397f
2025-11-24T23:09:16.8986905Z ../../../.npm/_cacache/content-v2/sha512/ab/
2025-11-24T23:09:16.8987293Z ../../../.npm/_cacache/content-v2/sha512/ab/44/
2025-11-24T23:09:16.8988150Z ../../../.npm/_cacache/content-v2/sha512/ab/44/8f4f8c7253ce2c6945feb689b3d562e4c546ee6899d1d715add7b33b7c9b4426280979650d194aab6ae157b079ea7aff72f494d11b0935ded141b8a6f2e0
2025-11-24T23:09:16.8988829Z ../../../.npm/_cacache/content-v2/sha512/9d/
2025-11-24T23:09:16.8989090Z ../../../.npm/_cacache/content-v2/sha512/9d/a8/
2025-11-24T23:09:16.8989880Z ../../../.npm/_cacache/content-v2/sha512/9d/a8/25dd162b6cdbfa91091e248a6de8d259cbcb702c1ff6bedcfac8df59e2f44a1cde3f41924811baa88402d283029d9e4b2e63793901d769e6583cb15a1571
2025-11-24T23:09:16.8990668Z ../../../.npm/_cacache/content-v2/sha512/24/
2025-11-24T23:09:16.8990923Z ../../../.npm/_cacache/content-v2/sha512/24/d0/
2025-11-24T23:09:16.8991775Z ../../../.npm/_cacache/content-v2/sha512/24/d0/3365c5eb0ade365462ee633d337c0cc37c0bc9596e807d8943050c835790c2948da6e6c0262be3883bbb39f577ec46c587a74da3009ad169d3d1193b7a49
2025-11-24T23:09:16.8993064Z ../../../.npm/_cacache/content-v2/sha512/a8/
2025-11-24T23:09:16.8993497Z ../../../.npm/_cacache/content-v2/sha512/a8/c9/
2025-11-24T23:09:16.8994237Z ../../../.npm/_cacache/content-v2/sha512/a8/c9/52c4a6e946502b89d0c4c64f769d2a1bc837693e28d4ab60d6ea80e752a77488e1b19908f2aa13088a123dfb3bf82cfc997518ded9c6af58f6c26d69b778
2025-11-24T23:09:16.8994918Z ../../../.npm/_cacache/content-v2/sha512/a8/e3/
2025-11-24T23:09:16.8995592Z ../../../.npm/_cacache/content-v2/sha512/a8/e3/b34b57014d6605e011fc7d578f0c138ef62a6d327194119c0d73f70c5a74d5da754b67b56835610f1e461ccd9034a5da00edd97a7bb14beb9f675fd4b66b
2025-11-24T23:09:16.8996261Z ../../../.npm/_cacache/content-v2/sha512/b3/
2025-11-24T23:09:16.8996520Z ../../../.npm/_cacache/content-v2/sha512/b3/a6/
2025-11-24T23:09:16.8997353Z ../../../.npm/_cacache/content-v2/sha512/b3/a6/384c503cc568d12e778e3c8e8757ffb0cdf9b6736caead3bc56979739e6b1b788eb069984ca71bbde1f49718d1acacfc6bcc8d734ed60311678479a00d9f
2025-11-24T23:09:16.8998048Z ../../../.npm/_cacache/content-v2/sha512/42/
2025-11-24T23:09:16.8998302Z ../../../.npm/_cacache/content-v2/sha512/42/04/
2025-11-24T23:09:16.8999018Z ../../../.npm/_cacache/content-v2/sha512/42/04/f9fff0f78df8c96fa1ac8f1bf44a5a63db78a9f87b4ea673609dbd92e73537081dba1bf2033c6a32e11241e36c33144e3a0d1b2cb5b5bab4a1e829b840c7
2025-11-24T23:09:16.8999726Z ../../../.npm/_cacache/content-v2/sha512/c3/
2025-11-24T23:09:16.8999990Z ../../../.npm/_cacache/content-v2/sha512/c3/c1/
2025-11-24T23:09:16.9000650Z ../../../.npm/_cacache/content-v2/sha512/c3/c1/a63b165f0662a49ef757535b1d33d34772841e8f017fe263608f626e104751687c30175d8aedef5e5e7d672d9d3b69df9dbbbea6915b3279bdab286965b0
2025-11-24T23:09:16.9001327Z ../../../.npm/_cacache/content-v2/sha512/ea/
2025-11-24T23:09:16.9001593Z ../../../.npm/_cacache/content-v2/sha512/ea/e1/
2025-11-24T23:09:16.9002274Z ../../../.npm/_cacache/content-v2/sha512/ea/e1/57c826b2a1c45baa164e07ee9772e65b90c3629b07d51858e2f024d99c2cce1d51af0eacef8adbb5aded805392d13a58b3ede40f841f02a4032f9f1f448c
2025-11-24T23:09:16.9002962Z ../../../.npm/_cacache/content-v2/sha512/90/
2025-11-24T23:09:16.9003218Z ../../../.npm/_cacache/content-v2/sha512/90/7c/
2025-11-24T23:09:16.9003910Z ../../../.npm/_cacache/content-v2/sha512/90/7c/6bdb366962d766acdd6a0e3aeb5ff675ad1d641bc0f1fa09292b51b87979af5ecc26704d614d6056614ce5ada630d7fc99a7a62e0d8efb62dbdb3747660c
2025-11-24T23:09:16.9004612Z ../../../.npm/_cacache/content-v2/sha512/4c/
2025-11-24T23:09:16.9004865Z ../../../.npm/_cacache/content-v2/sha512/4c/20/
2025-11-24T23:09:16.9005541Z ../../../.npm/_cacache/content-v2/sha512/4c/20/a3e2de7953dd24865624555ff44df9099009148378d9140dcd79beee9d94fc08fa24ee28917da5f417e5a7a96aadecec613a7d2e04a5c2c3895b2fc5b469
2025-11-24T23:09:16.9006224Z ../../../.npm/_cacache/content-v2/sha512/5e/
2025-11-24T23:09:16.9006469Z ../../../.npm/_cacache/content-v2/sha512/5e/63/
2025-11-24T23:09:16.9007284Z ../../../.npm/_cacache/content-v2/sha512/5e/63/967bb7b21d81f5e1c2dd54fa3283e18e1f7ad85fef8aa73af2949c125bdf2ddcd93e53c5ce97c15628e830b7375bf255c67facd8c035337873167f16acca
2025-11-24T23:09:16.9007975Z ../../../.npm/_cacache/content-v2/sha512/1b/
2025-11-24T23:09:16.9008221Z ../../../.npm/_cacache/content-v2/sha512/1b/a4/
2025-11-24T23:09:16.9009012Z ../../../.npm/_cacache/content-v2/sha512/1b/a4/f4657e3cc60a33c7be7cee4a1e5fd62cd8d632e869affff3fcf6c12d7bd57dc2121aa4c345e2274ac675b642d09c2e24d695bff07c269b02d0055a1841a3
2025-11-24T23:09:16.9009720Z ../../../.npm/_cacache/content-v2/sha512/fb/
2025-11-24T23:09:16.9009984Z ../../../.npm/_cacache/content-v2/sha512/fb/55/
2025-11-24T23:09:16.9010661Z ../../../.npm/_cacache/content-v2/sha512/fb/55/648dd0f44012cfa1d1ab2547aa6ab1fc54022f40e0c86f087d5e93f94b28ac7fb628420b0928f345a2aa8b425bbe550fed552b21311ea5a0f327f14f9d3e
2025-11-24T23:09:16.9011421Z ../../../.npm/_cacache/content-v2/sha512/04/
2025-11-24T23:09:16.9011678Z ../../../.npm/_cacache/content-v2/sha512/04/b2/
2025-11-24T23:09:16.9012362Z ../../../.npm/_cacache/content-v2/sha512/04/b2/374e5d535b73ef97bd25df2ab763ae22f9ac29c17aac181616924a8cb676d782b303fb28fbae15b492e103c7325a6171a3116e6881aa4a34c10a34c8e26c
2025-11-24T23:09:16.9013043Z ../../../.npm/_cacache/content-v2/sha512/59/
2025-11-24T23:09:16.9013296Z ../../../.npm/_cacache/content-v2/sha512/59/07/
2025-11-24T23:09:16.9013972Z ../../../.npm/_cacache/content-v2/sha512/59/07/e44b0d106d0e5a276087630db764692a9d1c2a2870ff298b0c793919ccf4f825c7f40dc07106dc0c2719eee84ee8c70e7e242e9902278f821dbcb89d4704
2025-11-24T23:09:16.9014646Z ../../../.npm/_cacache/content-v2/sha512/59/48/
2025-11-24T23:09:16.9015357Z ../../../.npm/_cacache/content-v2/sha512/59/48/f6aa5c5a42d3b883a3eae5cdbd193716183c9df22b4bf334e58a98040b3dc97ac02288e2a8b5df0953aa2d0773c00a01bac64254c9585ba0c4be6e37bf8c
2025-11-24T23:09:16.9016069Z ../../../.npm/_cacache/content-v2/sha512/de/
2025-11-24T23:09:16.9016324Z ../../../.npm/_cacache/content-v2/sha512/de/13/
2025-11-24T23:09:16.9017008Z ../../../.npm/_cacache/content-v2/sha512/de/13/7b35ab2462f3032d0639e609d6dcd43e99eb0401ea53aa583e5446e3ef3cea10c055361cdc19861ea85a3f4e5633e9e42215ca751dcb0264efa71a04bcce
2025-11-24T23:09:16.9017943Z ../../../.npm/_cacache/content-v2/sha512/de/84/
2025-11-24T23:09:16.9018632Z ../../../.npm/_cacache/content-v2/sha512/de/84/9e50ed13315ebb84dd4099b5ec2b8c9aa94eed8e21e56f144364ea47d0a5bdf82797e1b440697d009f1b74b71d8cae94695b041a3f02252121098585393f
2025-11-24T23:09:16.9019344Z ../../../.npm/_cacache/content-v2/sha512/78/
2025-11-24T23:09:16.9019593Z ../../../.npm/_cacache/content-v2/sha512/78/db/
2025-11-24T23:09:16.9020310Z ../../../.npm/_cacache/content-v2/sha512/78/db/fe5ab55b2aed5fdef6d8253ff1b62179b320391cf20cb5ff48818fe72a0d2c5aacc0504bea63fc66ece71973fa9a7cbc7f88ef4580e99e480a78bf9b62fd
2025-11-24T23:09:16.9021033Z ../../../.npm/_cacache/content-v2/sha512/78/09/
2025-11-24T23:09:16.9021717Z ../../../.npm/_cacache/content-v2/sha512/78/09/8b9230e30050955e0ec0d6e9f11ec2dff7ad66eb2d7b405a97a805c68ff81590a16b10809f4ad45fc1494635f7821233516b7d891163944e56173f2c8abc
2025-11-24T23:09:16.9022387Z ../../../.npm/_cacache/content-v2/sha512/5d/
2025-11-24T23:09:16.9022640Z ../../../.npm/_cacache/content-v2/sha512/5d/ae/
2025-11-24T23:09:16.9023329Z ../../../.npm/_cacache/content-v2/sha512/5d/ae/0dc35ec54bd02940527dba62e2252e28ac68e6ed9cf052bc1a99c190b874b30f2b61f5ba0a0dac9c61d0dc643baa6004d7c381c55e06aa59372d5bfbf51c
2025-11-24T23:09:16.9024015Z ../../../.npm/_cacache/content-v2/sha512/c0/
2025-11-24T23:09:16.9024407Z ../../../.npm/_cacache/content-v2/sha512/c0/ac/
2025-11-24T23:09:16.9025262Z ../../../.npm/_cacache/content-v2/sha512/c0/ac/90450a63274b08a7ad84ad265d1ac8cc256b1aa79a1136284786ee86ec954effd8c807a5327af2feb57b8eaab9e0f23fdcc4a4d6c96530bd24eb8a2673fe
2025-11-24T23:09:16.9026372Z ../../../.npm/_cacache/content-v2/sha512/da/
2025-11-24T23:09:16.9026768Z ../../../.npm/_cacache/content-v2/sha512/da/49/
2025-11-24T23:09:16.9028102Z ../../../.npm/_cacache/content-v2/sha512/da/49/2dffb9e227a32010fc45d1b61d43a7ad65a03e7d0bc370b29c921cb5c8840ecdaa0a8c10634a3eb7fda2d58d8137aa146de5dbccfae5327c283a50a0816c
2025-11-24T23:09:16.9029326Z ../../../.npm/_cacache/content-v2/sha512/60/
2025-11-24T23:09:16.9029777Z ../../../.npm/_cacache/content-v2/sha512/60/61/
2025-11-24T23:09:16.9031157Z ../../../.npm/_cacache/content-v2/sha512/60/61/b2b84755223ab1931547d69513318fd7b669ac0295eb095bf9114db9897ea29c43db57e55a9097cb79a96406d24debd0109a1d5e18e74297d4a6d543fa5d
2025-11-24T23:09:16.9032472Z ../../../.npm/_cacache/content-v2/sha512/d6/
2025-11-24T23:09:16.9032928Z ../../../.npm/_cacache/content-v2/sha512/d6/09/
2025-11-24T23:09:16.9034204Z ../../../.npm/_cacache/content-v2/sha512/d6/09/f5529e585e46b761800718aa5b89d790e588dfd6d0daf6a61c832b33f9c3425ee9322e5e838cf5e10f7551c126fc73427db40e1bdbeac7119b5ce91d2d97
2025-11-24T23:09:16.9035537Z ../../../.npm/_cacache/content-v2/sha512/d2/
2025-11-24T23:09:16.9035992Z ../../../.npm/_cacache/content-v2/sha512/d2/04/
2025-11-24T23:09:16.9037444Z ../../../.npm/_cacache/content-v2/sha512/d2/04/855943cd5cda29aad20f42f943e56817608e4663690fd9c0afa13f247338db7dc7ee2258d36dc5abba50f50883c85f682dd708216c3cb4f32135a7efebdf
2025-11-24T23:09:16.9038286Z ../../../.npm/_cacache/content-v2/sha512/9e/
2025-11-24T23:09:16.9038543Z ../../../.npm/_cacache/content-v2/sha512/9e/68/
2025-11-24T23:09:16.9039421Z ../../../.npm/_cacache/content-v2/sha512/9e/68/7794291867782b66fa9c087f9f8e643b5fe1f439e6603f8d0e89eac4680a6d5f85e87cc87993035b5a1ee505db94cc2715ffc919f8d0cb0b09b68a8ac894
2025-11-24T23:09:16.9040198Z ../../../.npm/_cacache/content-v2/sha512/e8/
2025-11-24T23:09:16.9040654Z ../../../.npm/_cacache/content-v2/sha512/e8/59/
2025-11-24T23:09:16.9041604Z ../../../.npm/_cacache/content-v2/sha512/e8/59/73b9b4cb646dc9d9afcd542025784863ceae68c601f268253dc985ef70bb2fa1568726afece715c8ebf5d73fab73ed1f7100eb479d23bfb57b45dd645394
2025-11-24T23:09:16.9042451Z ../../../.npm/_cacache/content-v2/sha512/71/
2025-11-24T23:09:16.9042704Z ../../../.npm/_cacache/content-v2/sha512/71/84/
2025-11-24T23:09:16.9043718Z ../../../.npm/_cacache/content-v2/sha512/71/84/3ddf5d20aeac6e7966e5f96b885086a251a0dc8fb58eab97d58449633558117ce52163d7f2db34ef7e8a96b2779b87c4a5ef45527056c80af2672ca0743a
2025-11-24T23:09:16.9044441Z ../../../.npm/_cacache/content-v2/sha512/38/
2025-11-24T23:09:16.9044765Z ../../../.npm/_cacache/content-v2/sha512/38/69/
2025-11-24T23:09:16.9045582Z ../../../.npm/_cacache/content-v2/sha512/38/69/59429cf6c9f6a103f45dd58f0277d48812caaf5e42d5a12c3f720c219e114c0dbb1015e658a0927b6c86414bd05c6a6516f7a6acabf9e93d6ba033e45007
2025-11-24T23:09:16.9046416Z ../../../.npm/_cacache/content-v2/sha512/3c/
2025-11-24T23:09:16.9046820Z ../../../.npm/_cacache/content-v2/sha512/3c/42/
2025-11-24T23:09:16.9047939Z ../../../.npm/_cacache/content-v2/sha512/3c/42/06098e6d4a552de7472ac8c5df0b35fea0e3ea374bee1aa5b36dc276c6f9e4ce4ab8ea83a9cfb7506930c175f2026f8375e3e1804540f0d97576378b6fce
2025-11-24T23:09:16.9049164Z ../../../.npm/_cacache/content-v2/sha512/1c/
2025-11-24T23:09:16.9049640Z ../../../.npm/_cacache/content-v2/sha512/1c/53/
2025-11-24T23:09:16.9050832Z ../../../.npm/_cacache/content-v2/sha512/1c/53/79f4c9905c61d5c9869d28b56e998b00f5d045ba7fe5758c62a448f3038d7dea3a4b65df148c41012e46c492f7d8ade0ea2616716005853edadf84da63e3
2025-11-24T23:09:16.9052048Z ../../../.npm/_cacache/content-v2/sha512/50/
2025-11-24T23:09:16.9052393Z ../../../.npm/_cacache/content-v2/sha512/50/46/
2025-11-24T23:09:16.9053639Z ../../../.npm/_cacache/content-v2/sha512/50/46/484b7fdbcb8382f2f2f73f67535d1113a5e6cb236362239bc8ae3683ff952dae4157fed35bc234d2440182ffeec2028da921c05a4605a670104772c68223
2025-11-24T23:09:16.9054786Z ../../../.npm/_cacache/content-v2/sha512/85/
2025-11-24T23:09:16.9055072Z ../../../.npm/_cacache/content-v2/sha512/85/11/
2025-11-24T23:09:16.9056153Z ../../../.npm/_cacache/content-v2/sha512/85/11/74e1fa8920ff006db92ae4d28637405baf7271950faa859b9f5d5af40efba32b2f776426d764c1c32f810eb687526c25b13aa47c312d6d5c0e61c2a0970e
2025-11-24T23:09:16.9056973Z ../../../.npm/_cacache/content-v2/sha512/2c/
2025-11-24T23:09:16.9057443Z ../../../.npm/_cacache/content-v2/sha512/2c/20/
2025-11-24T23:09:16.9058258Z ../../../.npm/_cacache/content-v2/sha512/2c/20/95d0775265965bdf8aa27c1b325a5526a24e96ee8b8447ea10206052712f04b19b106ebb454d4ac35f884e97e092ea9edc9cd0b8b5dfaaad25464824d47d
2025-11-24T23:09:16.9059148Z ../../../.npm/_cacache/content-v2/sha512/2c/8f/
2025-11-24T23:09:16.9060572Z ../../../.npm/_cacache/content-v2/sha512/2c/8f/6effe95a606e03b354c3292256d983eb22571560ec22d9f502eb1078de5b9e0a383157895f7ce0990ad605887e9334e5feb50297c7ded3e082876e1c8711
2025-11-24T23:09:16.9061786Z ../../../.npm/_cacache/content-v2/sha512/2c/f0/
2025-11-24T23:09:16.9063021Z ../../../.npm/_cacache/content-v2/sha512/2c/f0/d9f39684272612775f3f0e48cd878ff2d67b641392b05075938aa811c6bbae64bd85d72b879628151cbbdc1d8daf3075edb4a169267e8bc1f23b730ece0f
2025-11-24T23:09:16.9064356Z ../../../.npm/_cacache/content-v2/sha512/e6/
2025-11-24T23:09:16.9064790Z ../../../.npm/_cacache/content-v2/sha512/e6/04/
2025-11-24T23:09:16.9065694Z ../../../.npm/_cacache/content-v2/sha512/e6/04/e680463fb2a2ba8055cb22c40d1f5f6559be1e6cf0cb03849d2cfeddb169085c75a51baea83ee56f5d21853e9a58673f190d9ab475862b6c77c109551bd5
2025-11-24T23:09:16.9066719Z ../../../.npm/_cacache/content-v2/sha512/bc/
2025-11-24T23:09:16.9067295Z ../../../.npm/_cacache/content-v2/sha512/bc/af/
2025-11-24T23:09:16.9068581Z ../../../.npm/_cacache/content-v2/sha512/bc/af/4fe7f8947dd97de4023e255c94b88715b5de287efb6b3abdc736d336cb10bd6e731b11da77c74d4e8503678dbf082588b7f159531379815f071fbf2c2e4b
2025-11-24T23:09:16.9069788Z ../../../.npm/_cacache/content-v2/sha512/2a/
2025-11-24T23:09:16.9070238Z ../../../.npm/_cacache/content-v2/sha512/2a/fa/
2025-11-24T23:09:16.9071607Z ../../../.npm/_cacache/content-v2/sha512/2a/fa/78e7d1eb576144275080b22d4abbe318de46ac1f5f53172913cf6c5698c7aae9b936354dd75ef7c9f90eb59b4c64b56c2dfb51d261fdc966c4e6b3769126
2025-11-24T23:09:16.9072931Z ../../../.npm/_cacache/content-v2/sha512/2a/8d/
2025-11-24T23:09:16.9074109Z ../../../.npm/_cacache/content-v2/sha512/2a/8d/2e5f5e682144bbc09dd16f7d05b3a4a455b2e63c100a7659bbabdf9a93d6db21e15fd0cc2e06c415eb3efe5fbebcfdc1ec7e0f96972b03589726b618ec8d
2025-11-24T23:09:16.9075400Z ../../../.npm/_cacache/content-v2/sha512/2a/93/
2025-11-24T23:09:16.9076687Z ../../../.npm/_cacache/content-v2/sha512/2a/93/40450037230bfe8d3034bad51555bae1f8996baf516fd1ee7a186cc014e5cdedd93f16f89a0d6f0b1e62b9d8395c1f858fda7ea023cbcdd5a7ac045828f7
2025-11-24T23:09:16.9078055Z ../../../.npm/_cacache/content-v2/sha512/c5/
2025-11-24T23:09:16.9078482Z ../../../.npm/_cacache/content-v2/sha512/c5/c7/
2025-11-24T23:09:16.9079771Z ../../../.npm/_cacache/content-v2/sha512/c5/c7/87dac9e1b5be4cf658aa0ec984c39ea57b7efa993664117fe311bfd1c4d1727a036e97b78db250973fd1438ff2dcbb45fc284c8c71e3f69eda5a1eb0c454
2025-11-24T23:09:16.9081054Z ../../../.npm/_cacache/content-v2/sha512/77/
2025-11-24T23:09:16.9081490Z ../../../.npm/_cacache/content-v2/sha512/77/62/
2025-11-24T23:09:16.9082545Z ../../../.npm/_cacache/content-v2/sha512/77/62/562c28af999613488a207bd32c805099aede7bd418a47161989230b59219656d3783946a99d83f2f0fc13f9496bc58659b6fb3e59bcfd725857b2091d967
2025-11-24T23:09:16.9083716Z ../../../.npm/_cacache/content-v2/sha512/7a/
2025-11-24T23:09:16.9084128Z ../../../.npm/_cacache/content-v2/sha512/7a/84/
2025-11-24T23:09:16.9085402Z ../../../.npm/_cacache/content-v2/sha512/7a/84/4e86371ce876d9089afeb6f553f17e1f5b7ff983f5a41afbe6c33ffcf2c0ed489cceeebfdb96fa010e02120e20a30d16661e9c2e77b87ee90f49c45c2ad5
2025-11-24T23:09:16.9086691Z ../../../.npm/_cacache/content-v2/sha512/b4/
2025-11-24T23:09:16.9086950Z ../../../.npm/_cacache/content-v2/sha512/b4/86/
2025-11-24T23:09:16.9087965Z ../../../.npm/_cacache/content-v2/sha512/b4/86/d8b596ee70eb340511aa3c992c84951874bf920c7edd54cf208f2f84469dd60148cb105244fb4da46a7c87b708d63a7c2b298062c0098cd29e242c90275e
2025-11-24T23:09:16.9089184Z ../../../.npm/_cacache/content-v2/sha512/22/
2025-11-24T23:09:16.9089683Z ../../../.npm/_cacache/content-v2/sha512/22/d5/
2025-11-24T23:09:16.9090504Z ../../../.npm/_cacache/content-v2/sha512/22/d5/d882f2297cdf2b7d797f1930500bb0ec49be4f3ec2a1f601b35622bf896cc24b99af8c379b149eb109c218a3c75a97e9d2a76ad4cef4d3ec1a2caca94bf0
2025-11-24T23:09:16.9091675Z ../../../.npm/_cacache/content-v2/sha512/aa/
2025-11-24T23:09:16.9092025Z ../../../.npm/_cacache/content-v2/sha512/aa/84/
2025-11-24T23:09:16.9092879Z ../../../.npm/_cacache/content-v2/sha512/aa/84/29ad9bf3e70405270303a9eb1e4575afdeba8cbe18296d715f5725a16f1f57e3b3ce200ea2ffe75779f12664aa0080e69375a22035232a30853ad72472cc
2025-11-24T23:09:16.9094245Z ../../../.npm/_cacache/content-v2/sha512/aa/e2/
2025-11-24T23:09:16.9095329Z ../../../.npm/_cacache/content-v2/sha512/aa/e2/505e54d25062f62c7f52517a3c570b18e2ca1a9e1828e8b3529bce04d4b05c13cb373b4c29762473c91f73fd9649325316bf7eea38e6fda5d26531410a15
2025-11-24T23:09:16.9096071Z ../../../.npm/_cacache/content-v2/sha512/28/
2025-11-24T23:09:16.9096729Z ../../../.npm/_cacache/content-v2/sha512/28/a0/
2025-11-24T23:09:16.9097713Z ../../../.npm/_cacache/content-v2/sha512/28/a0/54d5519847b391af702de4702d510f935774b34425e603ff0e7436622c3048671572cd7bb3b4f8df2dddc15753d10101823165921d884bd05f1de6e1c10d
2025-11-24T23:09:16.9098732Z ../../../.npm/_cacache/content-v2/sha512/28/39/
2025-11-24T23:09:16.9099653Z ../../../.npm/_cacache/content-v2/sha512/28/39/dc7d398e66838c4c51b8981946d2a5083a5734ddf9b31feaeee9181855984f9328b2ffdd8ec25b7ff1410df9ae135d1d4541eb5f229244f00a5dbdd5714e
2025-11-24T23:09:16.9100345Z ../../../.npm/_cacache/content-v2/sha512/45/
2025-11-24T23:09:16.9100597Z ../../../.npm/_cacache/content-v2/sha512/45/d2/
2025-11-24T23:09:16.9101265Z ../../../.npm/_cacache/content-v2/sha512/45/d2/547e5704ddc5332a232a420b02bb4e853eef5474824ed1b7986cf84737893a6a9809b627dca02b53f5b7313a9601b690f690233a49bce0e026aeb16fcf29
2025-11-24T23:09:16.9102417Z ../../../.npm/_cacache/content-v2/sha512/45/11/
2025-11-24T23:09:16.9103112Z ../../../.npm/_cacache/content-v2/sha512/45/11/023ec8fb8aeff16f9a0a61cb051d2a6914d9ec8ffe763954d129be333f9a275f0545df3566993a0d70e7c60be0910e97cafd4e7ce1f320dfc64709a12529
2025-11-24T23:09:16.9103798Z ../../../.npm/_cacache/content-v2/sha512/37/
2025-11-24T23:09:16.9104055Z ../../../.npm/_cacache/content-v2/sha512/37/c4/
2025-11-24T23:09:16.9104743Z ../../../.npm/_cacache/content-v2/sha512/37/c4/a97cf527529d5b2be3cc616f2a496765f54fb0c0d588e102b13980f2f4902ba3758c5fba7639e55117dbfedf8ee99da90d7af3e688784d999d876c503beb
2025-11-24T23:09:16.9105426Z ../../../.npm/_cacache/content-v2/sha512/00/
2025-11-24T23:09:16.9105677Z ../../../.npm/_cacache/content-v2/sha512/00/aa/
2025-11-24T23:09:16.9106918Z ../../../.npm/_cacache/content-v2/sha512/00/aa/5a6251e7f2de1255b3870b2f9be7e28a82f478bebb03f2f6efadb890269b3b7ca0d3923903af2ea38b4ad42630b49336cd78f2f0cf1abc8b2a68e35a9e58
2025-11-24T23:09:16.9107714Z ../../../.npm/_cacache/content-v2/sha512/4a/
2025-11-24T23:09:16.9107975Z ../../../.npm/_cacache/content-v2/sha512/4a/23/
2025-11-24T23:09:16.9109033Z ../../../.npm/_cacache/content-v2/sha512/4a/23/efffc56966e59bbcb48cb530d4f2111fad95a0fe61ff9d5fdbe28d0261b4b1bb550840f2ddc0a3822322d05fe5483cee6facb5f78bcaada85ca174f49449
2025-11-24T23:09:16.9110173Z ../../../.npm/_cacache/content-v2/sha512/4a/df/
2025-11-24T23:09:16.9111388Z ../../../.npm/_cacache/content-v2/sha512/4a/df/b3dbdbad844255c7422cede96536481312169e4a8038d88ec98ce0810ab7395fa2d83064afd0fff6b92e470cb4c4c4fe6da62a910f63f2504392eacf545c
2025-11-24T23:09:16.9112075Z ../../../.npm/_cacache/content-v2/sha512/91/
2025-11-24T23:09:16.9112357Z ../../../.npm/_cacache/content-v2/sha512/91/44/
2025-11-24T23:09:16.9113327Z ../../../.npm/_cacache/content-v2/sha512/91/44/e9bb2cc15960ced956a49a31c2fdcc5eb20e252903fe15d73eee5acae32be3363915f6f9b951364c0c0c0ecb21d33a96e462b00c94d6471bad4d9c4f6f61
2025-11-24T23:09:16.9114606Z ../../../.npm/_cacache/tmp/
2025-11-24T23:09:16.9114992Z ../../../.npm/_cacache/index-v5/
2025-11-24T23:09:16.9115414Z ../../../.npm/_cacache/index-v5/3f/
2025-11-24T23:09:16.9115844Z ../../../.npm/_cacache/index-v5/3f/db/
2025-11-24T23:09:16.9116591Z ../../../.npm/_cacache/index-v5/3f/db/d5f8ccfbb62d7e7a7ee4f06ad85054ca2d54ee156eb7eaee541e26d9e288
2025-11-24T23:09:16.9117441Z ../../../.npm/_cacache/index-v5/40/
2025-11-24T23:09:16.9117863Z ../../../.npm/_cacache/index-v5/40/62/
2025-11-24T23:09:16.9118572Z ../../../.npm/_cacache/index-v5/40/62/d04e75208dec117f72a95a5989f81fac7565a530fd22f70ea5e3abc377c3
2025-11-24T23:09:16.9119323Z ../../../.npm/_cacache/index-v5/d1/
2025-11-24T23:09:16.9119744Z ../../../.npm/_cacache/index-v5/d1/26/
2025-11-24T23:09:16.9120578Z ../../../.npm/_cacache/index-v5/d1/26/8e01e6bce59ac02f0d20fc97382749190cb73f6006f9526fc7fb1ec79dd4
2025-11-24T23:09:16.9121292Z ../../../.npm/_cacache/index-v5/d1/e5/
2025-11-24T23:09:16.9121968Z ../../../.npm/_cacache/index-v5/d1/e5/f26dea52f5e17e7686475713bb1059b055da65c0aa1c9b779c4e21cfcff8
2025-11-24T23:09:16.9122718Z ../../../.npm/_cacache/index-v5/20/
2025-11-24T23:09:16.9123134Z ../../../.npm/_cacache/index-v5/20/34/
2025-11-24T23:09:16.9123907Z ../../../.npm/_cacache/index-v5/20/34/741347bd7ef970d697d9f40bfef4975857c6fb7a05b9daea18a30c3aa9af
2025-11-24T23:09:16.9124595Z ../../../.npm/_cacache/index-v5/6d/
2025-11-24T23:09:16.9124990Z ../../../.npm/_cacache/index-v5/6d/52/
2025-11-24T23:09:16.9125641Z ../../../.npm/_cacache/index-v5/6d/52/38185a6182b640b9b029914c320415cae3a1704ac6bf68cbfc1dcc56bb65
2025-11-24T23:09:16.9126306Z ../../../.npm/_cacache/index-v5/35/
2025-11-24T23:09:16.9126698Z ../../../.npm/_cacache/index-v5/35/7f/
2025-11-24T23:09:16.9127463Z ../../../.npm/_cacache/index-v5/35/7f/e41f2c2713684e6e809753f5b2a642d98d5d19a1c17c03d0788531cebf88
2025-11-24T23:09:16.9128151Z ../../../.npm/_cacache/index-v5/35/6a/
2025-11-24T23:09:16.9128798Z ../../../.npm/_cacache/index-v5/35/6a/897678199fa0f43763d958e5566fe182d24e184f9994a714d7b0f39a706e
2025-11-24T23:09:16.9129489Z ../../../.npm/_cacache/index-v5/bf/
2025-11-24T23:09:16.9129914Z ../../../.npm/_cacache/index-v5/bf/07/
2025-11-24T23:09:16.9130617Z ../../../.npm/_cacache/index-v5/bf/07/9672ccd5d1b968aaac0d946fa3edfb7bf457bbf9ea32c1949fbe55b875f4
2025-11-24T23:09:16.9131373Z ../../../.npm/_cacache/index-v5/bf/ab/
2025-11-24T23:09:16.9132132Z ../../../.npm/_cacache/index-v5/bf/ab/36f0cab1eb6c025eaa6648a98818ff6012bd7dc80a33be71499a9d5d61ff
2025-11-24T23:09:16.9132814Z ../../../.npm/_cacache/index-v5/af/
2025-11-24T23:09:16.9133045Z ../../../.npm/_cacache/index-v5/af/25/
2025-11-24T23:09:16.9133418Z ../../../.npm/_cacache/index-v5/af/25/3796411149080c243ce3baa5d1911d7c50ff95cf33cc076cea7b20ed4930
2025-11-24T23:09:16.9134147Z ../../../.npm/_cacache/index-v5/7f/
2025-11-24T23:09:16.9134448Z ../../../.npm/_cacache/index-v5/7f/f5/
2025-11-24T23:09:16.9135186Z ../../../.npm/_cacache/index-v5/7f/f5/c2a305ed05caad2462e89d69dc5b38583177cb612817a7c3ef2021702f64
2025-11-24T23:09:16.9135915Z ../../../.npm/_cacache/index-v5/b1/
2025-11-24T23:09:16.9136209Z ../../../.npm/_cacache/index-v5/b1/8f/
2025-11-24T23:09:16.9136840Z ../../../.npm/_cacache/index-v5/b1/8f/5767f914aa664f32503df614481bac973784e2bcd2b8af02e84faabe168d
2025-11-24T23:09:16.9137628Z ../../../.npm/_cacache/index-v5/fd/
2025-11-24T23:09:16.9138020Z ../../../.npm/_cacache/index-v5/fd/ad/
2025-11-24T23:09:16.9138697Z ../../../.npm/_cacache/index-v5/fd/ad/63ef342def2373e409c761865c04e6880a4784d85c48fdf89831775157ec
2025-11-24T23:09:16.9139386Z ../../../.npm/_cacache/index-v5/61/
2025-11-24T23:09:16.9139774Z ../../../.npm/_cacache/index-v5/61/8d/
2025-11-24T23:09:16.9140465Z ../../../.npm/_cacache/index-v5/61/8d/055de2b5a37d474abdd9bcefab350877b3dcac2b6a726fd8bc33dcc26d2c
2025-11-24T23:09:16.9141196Z ../../../.npm/_cacache/index-v5/2b/
2025-11-24T23:09:16.9141556Z ../../../.npm/_cacache/index-v5/2b/dc/
2025-11-24T23:09:16.9142206Z ../../../.npm/_cacache/index-v5/2b/dc/450905b32453dc58868ab27d63ad8459d2e79e24f87979e3caccb0683004
2025-11-24T23:09:16.9142887Z ../../../.npm/_cacache/index-v5/8a/
2025-11-24T23:09:16.9143278Z ../../../.npm/_cacache/index-v5/8a/c9/
2025-11-24T23:09:16.9143967Z ../../../.npm/_cacache/index-v5/8a/c9/c10bf71d66461aba0899e81d7a146332c45dbbacb1693c38fc2e4e578e39
2025-11-24T23:09:16.9144719Z ../../../.npm/_cacache/index-v5/cf/
2025-11-24T23:09:16.9145127Z ../../../.npm/_cacache/index-v5/cf/16/
2025-11-24T23:09:16.9145806Z ../../../.npm/_cacache/index-v5/cf/16/1a51557b60c0355d99e37a77662011b72a17610a25f65717fa224dc9bd8b
2025-11-24T23:09:16.9146517Z ../../../.npm/_cacache/index-v5/0d/
2025-11-24T23:09:16.9146939Z ../../../.npm/_cacache/index-v5/0d/01/
2025-11-24T23:09:16.9147791Z ../../../.npm/_cacache/index-v5/0d/01/58cbe482acb2f4e2b961dfc2cdd7143d35b8f091f18831fcdcf72dc7cd4f
2025-11-24T23:09:16.9148613Z ../../../.npm/_cacache/index-v5/0d/b6/
2025-11-24T23:09:16.9149286Z ../../../.npm/_cacache/index-v5/0d/b6/9b4540d19340b48806945a1938a6ce3bd2c2088230b3ff60b97b6e964183
2025-11-24T23:09:16.9149957Z ../../../.npm/_cacache/index-v5/0d/24/
2025-11-24T23:09:16.9150615Z ../../../.npm/_cacache/index-v5/0d/24/1240239aa055b5ca0106ba20b09887e3552ce47590ec63d4dfec52f09cd2
2025-11-24T23:09:16.9151291Z ../../../.npm/_cacache/index-v5/7d/
2025-11-24T23:09:16.9151789Z ../../../.npm/_cacache/index-v5/7d/ad/
2025-11-24T23:09:16.9152475Z ../../../.npm/_cacache/index-v5/7d/ad/be90b3954e2f6e7b35b521e65a5016fd963aa11c3d6c88ccd9e0b61c069e
2025-11-24T23:09:16.9153173Z ../../../.npm/_cacache/index-v5/08/
2025-11-24T23:09:16.9153576Z ../../../.npm/_cacache/index-v5/08/c7/
2025-11-24T23:09:16.9154249Z ../../../.npm/_cacache/index-v5/08/c7/1b06241dca05cc2c2e892ff340b199de6286d22ee730339e6bcad25cfadd
2025-11-24T23:09:16.9154954Z ../../../.npm/_cacache/index-v5/07/
2025-11-24T23:09:16.9155344Z ../../../.npm/_cacache/index-v5/07/2f/
2025-11-24T23:09:16.9156036Z ../../../.npm/_cacache/index-v5/07/2f/c26409f0f3f5f0a9723c9865acfaf682ce8a5f593e491d912d58f53f9ae7
2025-11-24T23:09:16.9156725Z ../../../.npm/_cacache/index-v5/ba/
2025-11-24T23:09:16.9157234Z ../../../.npm/_cacache/index-v5/ba/31/
2025-11-24T23:09:16.9157913Z ../../../.npm/_cacache/index-v5/ba/31/0ff11cd5c49f9abb3792227a2806421aeb4003688278322146dd805a2cea
2025-11-24T23:09:16.9158600Z ../../../.npm/_cacache/index-v5/c9/
2025-11-24T23:09:16.9159007Z ../../../.npm/_cacache/index-v5/c9/1f/
2025-11-24T23:09:16.9159671Z ../../../.npm/_cacache/index-v5/c9/1f/e25f670d26bc26d1cb236efef449fc8718223fd484c4107ba797934cb10c
2025-11-24T23:09:16.9160364Z ../../../.npm/_cacache/index-v5/1e/
2025-11-24T23:09:16.9160731Z ../../../.npm/_cacache/index-v5/1e/59/
2025-11-24T23:09:16.9161415Z ../../../.npm/_cacache/index-v5/1e/59/064ac66040d7820a41b4342f9685c2ed6b4556989cc76cf89118dd265f79
2025-11-24T23:09:16.9162120Z ../../../.npm/_cacache/index-v5/1e/d2/
2025-11-24T23:09:16.9162765Z ../../../.npm/_cacache/index-v5/1e/d2/789b07e9827a2009e416a1267b4e3fb9b1f7509db25b64b72d31af6c6bd3
2025-11-24T23:09:16.9163333Z ../../../.npm/_cacache/index-v5/1e/14/
2025-11-24T23:09:16.9163709Z ../../../.npm/_cacache/index-v5/1e/14/34277597f1450a8df47d035cf52b45576a1d5ac0e4179aee2ba46d422610
2025-11-24T23:09:16.9164372Z ../../../.npm/_cacache/index-v5/1f/
2025-11-24T23:09:16.9164732Z ../../../.npm/_cacache/index-v5/1f/ce/
2025-11-24T23:09:16.9165376Z ../../../.npm/_cacache/index-v5/1f/ce/71618f6b29aaec92bc1d630348a625c136b5a2893ebdcff7bf302ea69c5c
2025-11-24T23:09:16.9165968Z ../../../.npm/_cacache/index-v5/0b/
2025-11-24T23:09:16.9166418Z ../../../.npm/_cacache/index-v5/0b/90/
2025-11-24T23:09:16.9166993Z ../../../.npm/_cacache/index-v5/0b/90/c147816be94e86ed9bbb4b9e20409e4791a8991fcfd41d7a44489dedd29b
2025-11-24T23:09:16.9260024Z ../../../.npm/_cacache/index-v5/a4/
2025-11-24T23:09:16.9260717Z ../../../.npm/_cacache/index-v5/a4/96/
2025-11-24T23:09:16.9261611Z ../../../.npm/_cacache/index-v5/a4/96/1394bfe3119ef9620ccb5d4eb6c4001ab70c64efb55f558a35ad46138686
2025-11-24T23:09:16.9262448Z ../../../.npm/_cacache/index-v5/27/
2025-11-24T23:09:16.9262834Z ../../../.npm/_cacache/index-v5/27/ee/
2025-11-24T23:09:16.9263419Z ../../../.npm/_cacache/index-v5/27/ee/5044d867b8b127fe588bd3846d24426f6c5f5f9c1bb69be847677f41f16d
2025-11-24T23:09:16.9264098Z ../../../.npm/_cacache/index-v5/27/26/
2025-11-24T23:09:16.9264732Z ../../../.npm/_cacache/index-v5/27/26/56d3868cdb645b2dd09110debc35e2e7b4e26d0210d08755dce2a8cd9ae8
2025-11-24T23:09:16.9265408Z ../../../.npm/_cacache/index-v5/8b/
2025-11-24T23:09:16.9265846Z ../../../.npm/_cacache/index-v5/8b/ee/
2025-11-24T23:09:16.9266425Z ../../../.npm/_cacache/index-v5/8b/ee/c2ea22c4bf9c5ddcd0333850e543442de3364478847c7ebc382b1ff3a70d
2025-11-24T23:09:16.9267251Z ../../../.npm/_cacache/index-v5/89/
2025-11-24T23:09:16.9267594Z ../../../.npm/_cacache/index-v5/89/48/
2025-11-24T23:09:16.9268167Z ../../../.npm/_cacache/index-v5/89/48/b53660a6bedeb14f8bf9b40272b72516049c051ad67f47e108579dbc0a9d
2025-11-24T23:09:16.9268900Z ../../../.npm/_cacache/index-v5/f2/
2025-11-24T23:09:16.9269228Z ../../../.npm/_cacache/index-v5/f2/1f/
2025-11-24T23:09:16.9269828Z ../../../.npm/_cacache/index-v5/f2/1f/c662626ec8eafafa54476678b9f71799a74ee368f2b7845a6ec9f9174a4d
2025-11-24T23:09:16.9270468Z ../../../.npm/_cacache/index-v5/23/
2025-11-24T23:09:16.9270789Z ../../../.npm/_cacache/index-v5/23/76/
2025-11-24T23:09:16.9271574Z ../../../.npm/_cacache/index-v5/23/76/f7afbc9eb60823c417e5dd1dd2f56b61e1b85cdd840120ff5644e6b03358
2025-11-24T23:09:16.9272272Z ../../../.npm/_cacache/index-v5/23/63/
2025-11-24T23:09:16.9273012Z ../../../.npm/_cacache/index-v5/23/63/5b7dadb573201f03f6fe7fba85e7de3e1c39ae42c18b4a3a75afaf992c33
2025-11-24T23:09:16.9273688Z ../../../.npm/_cacache/index-v5/a2/
2025-11-24T23:09:16.9274099Z ../../../.npm/_cacache/index-v5/a2/59/
2025-11-24T23:09:16.9274836Z ../../../.npm/_cacache/index-v5/a2/59/2a4393786cc64da0089089ffa21391d5a1edde4f7cd1998b794ff382c98c
2025-11-24T23:09:16.9275533Z ../../../.npm/_cacache/index-v5/ec/
2025-11-24T23:09:16.9275935Z ../../../.npm/_cacache/index-v5/ec/52/
2025-11-24T23:09:16.9276634Z ../../../.npm/_cacache/index-v5/ec/52/1da406197170b616eda8e749f38787cc2f6a51a7cc273ecb5c757804513e
2025-11-24T23:09:16.9277594Z ../../../.npm/_cacache/index-v5/a1/
2025-11-24T23:09:16.9278024Z ../../../.npm/_cacache/index-v5/a1/5e/
2025-11-24T23:09:16.9278695Z ../../../.npm/_cacache/index-v5/a1/5e/c9aa1c46bf0c67511379e97bd07fca87532422f2506214f94db8861160d3
2025-11-24T23:09:16.9279408Z ../../../.npm/_cacache/index-v5/13/
2025-11-24T23:09:16.9279807Z ../../../.npm/_cacache/index-v5/13/35/
2025-11-24T23:09:16.9280505Z ../../../.npm/_cacache/index-v5/13/35/46ce0d3bd1cf4932e1607bc4e1846de2cba55e8521c52649b2d40f9ca4be
2025-11-24T23:09:16.9281181Z ../../../.npm/_cacache/index-v5/01/
2025-11-24T23:09:16.9281531Z ../../../.npm/_cacache/index-v5/01/46/
2025-11-24T23:09:16.9282144Z ../../../.npm/_cacache/index-v5/01/46/a73778bc7fe534d3788b3e6309e2b9294c66be6787edc101287012ba2c7c
2025-11-24T23:09:16.9282782Z ../../../.npm/_cacache/index-v5/5a/
2025-11-24T23:09:16.9283127Z ../../../.npm/_cacache/index-v5/5a/48/
2025-11-24T23:09:16.9283679Z ../../../.npm/_cacache/index-v5/5a/48/df2b2137355548fc0e2edd8c75e03ade0d1036d9466886d3c4f7ea6248af
2025-11-24T23:09:16.9284068Z ../../../.npm/_cacache/index-v5/b0/
2025-11-24T23:09:16.9284303Z ../../../.npm/_cacache/index-v5/b0/18/
2025-11-24T23:09:16.9284685Z ../../../.npm/_cacache/index-v5/b0/18/7bd13a4fbca4723a579cab6019efcd5e03ff32581fd276a8f79738dc7a68
2025-11-24T23:09:16.9285085Z ../../../.npm/_cacache/index-v5/b0/d5/
2025-11-24T23:09:16.9285626Z ../../../.npm/_cacache/index-v5/b0/d5/1790dc678e4d11acf2da8a65ddeea74efd59092fdb1bb52ec677fbca059f
2025-11-24T23:09:16.9286184Z ../../../.npm/_cacache/index-v5/b0/dc/
2025-11-24T23:09:16.9286624Z ../../../.npm/_cacache/index-v5/b0/dc/a5bd8c0c01b8f9aafe1f31ba4950ee2a980001d1fc6a3dfc0fadff4e44d8
2025-11-24T23:09:16.9287434Z ../../../.npm/_cacache/index-v5/ad/
2025-11-24T23:09:16.9287711Z ../../../.npm/_cacache/index-v5/ad/7c/
2025-11-24T23:09:16.9288310Z ../../../.npm/_cacache/index-v5/ad/7c/cc598261aa7c1f089fdcd0478664f8f5c80f8f02f241f08e3be264a9e616
2025-11-24T23:09:16.9288703Z ../../../.npm/_cacache/index-v5/ad/5c/
2025-11-24T23:09:16.9289089Z ../../../.npm/_cacache/index-v5/ad/5c/217f4a9502eed2896935b005b187e4713d93ba3dc76eff284b00a1a8b92a
2025-11-24T23:09:16.9289464Z ../../../.npm/_cacache/index-v5/31/
2025-11-24T23:09:16.9289702Z ../../../.npm/_cacache/index-v5/31/ac/
2025-11-24T23:09:16.9290101Z ../../../.npm/_cacache/index-v5/31/ac/4d241faeb3fea9ec8318fd93dd55eb70a87cc8a6e3f849ccef9863882b4b
2025-11-24T23:09:16.9290490Z ../../../.npm/_cacache/index-v5/2f/
2025-11-24T23:09:16.9290736Z ../../../.npm/_cacache/index-v5/2f/d6/
2025-11-24T23:09:16.9291419Z ../../../.npm/_cacache/index-v5/2f/d6/983b2a8f75359a5ef5034843700932f77eecd10a41efecd6be51e99c606e
2025-11-24T23:09:16.9291810Z ../../../.npm/_cacache/index-v5/2f/b8/
2025-11-24T23:09:16.9292390Z ../../../.npm/_cacache/index-v5/2f/b8/7dc86c802ff8fff670dbcca77371a2964508a335e97204bd469e0a15a72c
2025-11-24T23:09:16.9293031Z ../../../.npm/_cacache/index-v5/b9/
2025-11-24T23:09:16.9293261Z ../../../.npm/_cacache/index-v5/b9/bf/
2025-11-24T23:09:16.9293643Z ../../../.npm/_cacache/index-v5/b9/bf/1e3daaea93f68bf9dcdd7e978b6dd8f43627145028c05ccc5d6187e7a25d
2025-11-24T23:09:16.9294297Z ../../../.npm/_cacache/index-v5/ef/
2025-11-24T23:09:16.9294545Z ../../../.npm/_cacache/index-v5/ef/e5/
2025-11-24T23:09:16.9295062Z ../../../.npm/_cacache/index-v5/ef/e5/351d054b8e8eb18fa834a86cd1c08e571800a9f7a566b60853021f8c385b
2025-11-24T23:09:16.9295669Z ../../../.npm/_cacache/index-v5/ef/a8/
2025-11-24T23:09:16.9296082Z ../../../.npm/_cacache/index-v5/ef/a8/3cd0f8280df9b64e2a15d5f2a87f89a9504addb17b238fb9b5963c9f2b72
2025-11-24T23:09:16.9296803Z ../../../.npm/_cacache/index-v5/0a/
2025-11-24T23:09:16.9297164Z ../../../.npm/_cacache/index-v5/0a/d0/
2025-11-24T23:09:16.9297897Z ../../../.npm/_cacache/index-v5/0a/d0/656d08a513cf41cf02f0fcb0e63ba171f108175b3c711837ec0c0f93f955
2025-11-24T23:09:16.9298655Z ../../../.npm/_cacache/index-v5/06/
2025-11-24T23:09:16.9299025Z ../../../.npm/_cacache/index-v5/06/63/
2025-11-24T23:09:16.9299661Z ../../../.npm/_cacache/index-v5/06/63/67c0439786ca317dcf1f35da2f1deb40a8d3af361597b4de45afbc9d4704
2025-11-24T23:09:16.9300319Z ../../../.npm/_cacache/index-v5/ce/
2025-11-24T23:09:16.9300671Z ../../../.npm/_cacache/index-v5/ce/51/
2025-11-24T23:09:16.9301311Z ../../../.npm/_cacache/index-v5/ce/51/1c27e4e6042bdd3592e992afb9bed70f4dad3a48e5c96d0ea7e1cc007a34
2025-11-24T23:09:16.9302008Z ../../../.npm/_cacache/index-v5/62/
2025-11-24T23:09:16.9302379Z ../../../.npm/_cacache/index-v5/62/02/
2025-11-24T23:09:16.9303039Z ../../../.npm/_cacache/index-v5/62/02/126d776bbf52aa2e719664ff246cd9f9f1b494085fac79c068bce530bc6d
2025-11-24T23:09:16.9303726Z ../../../.npm/_cacache/index-v5/d9/
2025-11-24T23:09:16.9304092Z ../../../.npm/_cacache/index-v5/d9/2f/
2025-11-24T23:09:16.9304741Z ../../../.npm/_cacache/index-v5/d9/2f/1a8a24c5a8be9404619dfc8a0db85cb35d97a7d3f23cfc16f3c8f5d083c7
2025-11-24T23:09:16.9305132Z ../../../.npm/_cacache/index-v5/2d/
2025-11-24T23:09:16.9305358Z ../../../.npm/_cacache/index-v5/2d/23/
2025-11-24T23:09:16.9305744Z ../../../.npm/_cacache/index-v5/2d/23/9cb0f89da793aead50eab9755999e16b9b43e70c8a65007a0ad40e0033b3
2025-11-24T23:09:16.9306481Z ../../../.npm/_cacache/index-v5/2d/95/
2025-11-24T23:09:16.9308168Z ../../../.npm/_cacache/index-v5/2d/95/53bc6c6198aa859a38d11b40a88b70926cf9e09fe33d72145a61adc02dac
2025-11-24T23:09:16.9308732Z ../../../.npm/_cacache/index-v5/6b/
2025-11-24T23:09:16.9309055Z ../../../.npm/_cacache/index-v5/6b/0c/
2025-11-24T23:09:16.9309653Z ../../../.npm/_cacache/index-v5/6b/0c/4fb51f0d6958df4998537c738c83e14af659c6a2ac678defad66458c5358
2025-11-24T23:09:16.9310149Z ../../../.npm/_cacache/index-v5/6b/96/
2025-11-24T23:09:16.9310530Z ../../../.npm/_cacache/index-v5/6b/96/8af21194b7c666dcff699b874730170edc9a2670a4d17bf4186649ee9fa7
2025-11-24T23:09:16.9310951Z ../../../.npm/_cacache/index-v5/52/
2025-11-24T23:09:16.9311346Z ../../../.npm/_cacache/index-v5/52/15/
2025-11-24T23:09:16.9311728Z ../../../.npm/_cacache/index-v5/52/15/04b0316a63124e9ea41dc9d2c515eff18de04d157d860ebf98f1a9c81137
2025-11-24T23:09:16.9312446Z ../../../.npm/_cacache/index-v5/52/93/
2025-11-24T23:09:16.9312851Z ../../../.npm/_cacache/index-v5/52/93/41324e54350d21d988d44a908e883bee7a6f04f0dc8954efe76038a6b160
2025-11-24T23:09:16.9313558Z ../../../.npm/_cacache/index-v5/c1/
2025-11-24T23:09:16.9314027Z ../../../.npm/_cacache/index-v5/c1/ae/
2025-11-24T23:09:16.9314774Z ../../../.npm/_cacache/index-v5/c1/ae/213678772389b3fdddcca0903a9fc0e3575b32153c01ef8d7f69703bfd97
2025-11-24T23:09:16.9315538Z ../../../.npm/_cacache/index-v5/7b/
2025-11-24T23:09:16.9315945Z ../../../.npm/_cacache/index-v5/7b/6a/
2025-11-24T23:09:16.9316716Z ../../../.npm/_cacache/index-v5/7b/6a/f08d99d204d9b332593c9d82e283fd35df58564f1107993589c67c454baf
2025-11-24T23:09:16.9317604Z ../../../.npm/_cacache/index-v5/48/
2025-11-24T23:09:16.9318054Z ../../../.npm/_cacache/index-v5/48/48/
2025-11-24T23:09:16.9319002Z ../../../.npm/_cacache/index-v5/48/48/40755fd116126afd216c71b0e32d65209a5aa5258585607fca59e411384a
2025-11-24T23:09:16.9319526Z ../../../.npm/_cacache/index-v5/a5/
2025-11-24T23:09:16.9319759Z ../../../.npm/_cacache/index-v5/a5/e1/
2025-11-24T23:09:16.9320144Z ../../../.npm/_cacache/index-v5/a5/e1/8b712a1d16fde5b67118b6283176c52b1c7d6ca200d519cfaa70ca21e7df
2025-11-24T23:09:16.9320528Z ../../../.npm/_cacache/index-v5/4b/
2025-11-24T23:09:16.9320837Z ../../../.npm/_cacache/index-v5/4b/42/
2025-11-24T23:09:16.9321288Z ../../../.npm/_cacache/index-v5/4b/42/59bd4dc3209ff1eebd986c8ee49bfb511dd1d801ca5a58cb9de61926dd2d
2025-11-24T23:09:16.9321675Z ../../../.npm/_cacache/index-v5/b3/
2025-11-24T23:09:16.9321910Z ../../../.npm/_cacache/index-v5/b3/b3/
2025-11-24T23:09:16.9322294Z ../../../.npm/_cacache/index-v5/b3/b3/05a8af0a671c32b41850c1223429fe74449cfcb4c7cac54a9c7c213dfcae
2025-11-24T23:09:16.9322681Z ../../../.npm/_cacache/index-v5/29/
2025-11-24T23:09:16.9322900Z ../../../.npm/_cacache/index-v5/29/da/
2025-11-24T23:09:16.9323282Z ../../../.npm/_cacache/index-v5/29/da/115303ea18a519131a06a54e40e89d11ac3d6417db6551daad7b909f4d80
2025-11-24T23:09:16.9323676Z ../../../.npm/_cacache/index-v5/16/
2025-11-24T23:09:16.9323893Z ../../../.npm/_cacache/index-v5/16/20/
2025-11-24T23:09:16.9324266Z ../../../.npm/_cacache/index-v5/16/20/860090e398299f82abb414f2276c56f9423d31ed6176253ef29cd4bb76c5
2025-11-24T23:09:16.9324649Z ../../../.npm/_cacache/index-v5/16/92/
2025-11-24T23:09:16.9325102Z ../../../.npm/_cacache/index-v5/16/92/6835fd850598b0b7dbaef8fc840fefd706389ce90f80a76360d9b40032d8
2025-11-24T23:09:16.9325482Z ../../../.npm/_cacache/index-v5/ea/
2025-11-24T23:09:16.9325717Z ../../../.npm/_cacache/index-v5/ea/dc/
2025-11-24T23:09:16.9326100Z ../../../.npm/_cacache/index-v5/ea/dc/75d5924b5cfd80b740a1678e092bbb7e583f5e2429961aadbcfbae1414a8
2025-11-24T23:09:16.9326479Z ../../../.npm/_cacache/index-v5/90/
2025-11-24T23:09:16.9326709Z ../../../.npm/_cacache/index-v5/90/53/
2025-11-24T23:09:16.9327188Z ../../../.npm/_cacache/index-v5/90/53/8c061789582f306e5cd49035ee51582e6495bd621f643d2451345dc3b3dc
2025-11-24T23:09:16.9327587Z ../../../.npm/_cacache/index-v5/5e/
2025-11-24T23:09:16.9327820Z ../../../.npm/_cacache/index-v5/5e/b1/
2025-11-24T23:09:16.9328206Z ../../../.npm/_cacache/index-v5/5e/b1/ae48843f0ea2841a4f3eae37a7152458f2959d67886fde14221e049eb0bf
2025-11-24T23:09:16.9328598Z ../../../.npm/_cacache/index-v5/5e/e7/
2025-11-24T23:09:16.9328980Z ../../../.npm/_cacache/index-v5/5e/e7/453bd89145eccf9d67f5797fb09e5a017b5b13f1ac45cb7b70bda45940ec
2025-11-24T23:09:16.9329375Z ../../../.npm/_cacache/index-v5/7c/
2025-11-24T23:09:16.9329611Z ../../../.npm/_cacache/index-v5/7c/01/
2025-11-24T23:09:16.9329989Z ../../../.npm/_cacache/index-v5/7c/01/a2c7cee872051584ce9afbd7cd92701c7fe77cb8be37a304f4703459da8e
2025-11-24T23:09:16.9330383Z ../../../.npm/_cacache/index-v5/7c/e2/
2025-11-24T23:09:16.9330767Z ../../../.npm/_cacache/index-v5/7c/e2/0380559f2aa3f48d6733aadf8843d8e3d9f1b92eaaa125de918fc91bbe9b
2025-11-24T23:09:16.9331159Z ../../../.npm/_cacache/index-v5/6a/
2025-11-24T23:09:16.9331378Z ../../../.npm/_cacache/index-v5/6a/2d/
2025-11-24T23:09:16.9331765Z ../../../.npm/_cacache/index-v5/6a/2d/0e1737af9facf35cf51987077be9d0257eaa769a9fb893fcbc4a25de22cf
2025-11-24T23:09:16.9332158Z ../../../.npm/_cacache/index-v5/03/
2025-11-24T23:09:16.9332378Z ../../../.npm/_cacache/index-v5/03/af/
2025-11-24T23:09:16.9332767Z ../../../.npm/_cacache/index-v5/03/af/b652af7d985d655c33bbc6261689ea2f5a550b485dde76ad3aefbe2591eb
2025-11-24T23:09:16.9333162Z ../../../.npm/_cacache/index-v5/5c/
2025-11-24T23:09:16.9333380Z ../../../.npm/_cacache/index-v5/5c/93/
2025-11-24T23:09:16.9333756Z ../../../.npm/_cacache/index-v5/5c/93/a899552b5cabb3672359cf3693d76c31e0c1c4a274b853a525f4a6cd4bb6
2025-11-24T23:09:16.9334137Z ../../../.npm/_cacache/index-v5/12/
2025-11-24T23:09:16.9334359Z ../../../.npm/_cacache/index-v5/12/3a/
2025-11-24T23:09:16.9334730Z ../../../.npm/_cacache/index-v5/12/3a/481959c84d13edab51fdc4f5177ae1c6a8d5245488eb8cc48d2001deef02
2025-11-24T23:09:16.9335209Z ../../../.npm/_cacache/index-v5/3d/
2025-11-24T23:09:16.9335483Z ../../../.npm/_cacache/index-v5/3d/de/
2025-11-24T23:09:16.9335885Z ../../../.npm/_cacache/index-v5/3d/de/587c4c38d087f1c45e5dee0a05e7378358d3f028c32fb5ab3d1d957bdd33
2025-11-24T23:09:16.9336270Z ../../../.npm/_cacache/index-v5/cc/
2025-11-24T23:09:16.9336499Z ../../../.npm/_cacache/index-v5/cc/25/
2025-11-24T23:09:16.9336867Z ../../../.npm/_cacache/index-v5/cc/25/0a0ad2d0308b6807a70e488194992de068d68b749910eee4847c38629984
2025-11-24T23:09:16.9337531Z ../../../.npm/_cacache/index-v5/04/
2025-11-24T23:09:16.9337763Z ../../../.npm/_cacache/index-v5/04/27/
2025-11-24T23:09:16.9338155Z ../../../.npm/_cacache/index-v5/04/27/2a1d41e038c82406263e93aff2b3df0c2375217006bac13a388762aa11e3
2025-11-24T23:09:16.9338528Z ../../../.npm/_cacache/index-v5/04/56/
2025-11-24T23:09:16.9338904Z ../../../.npm/_cacache/index-v5/04/56/090daa4e5915b71e1d01d31b220a3ea0bc4258ee901071323ff2018b0775
2025-11-24T23:09:16.9339290Z ../../../.npm/_cacache/index-v5/e1/
2025-11-24T23:09:16.9339511Z ../../../.npm/_cacache/index-v5/e1/13/
2025-11-24T23:09:16.9339882Z ../../../.npm/_cacache/index-v5/e1/13/48011259d0e96d76bb6477a88e2828eb597909fd035b03109bd1f2cc4e3e
2025-11-24T23:09:16.9340253Z ../../../.npm/_cacache/index-v5/59/
2025-11-24T23:09:16.9340474Z ../../../.npm/_cacache/index-v5/59/0e/
2025-11-24T23:09:16.9340840Z ../../../.npm/_cacache/index-v5/59/0e/5d7b3f4c369d1d62065d5ca8f8572d2231a581ff043c996b2f5838c201ab
2025-11-24T23:09:16.9341218Z ../../../.npm/_cacache/index-v5/56/
2025-11-24T23:09:16.9341437Z ../../../.npm/_cacache/index-v5/56/9b/
2025-11-24T23:09:16.9341809Z ../../../.npm/_cacache/index-v5/56/9b/5dbe4fe773e1725ef1db02b7ca11131540cf36409388d4f6b0c0cb2bf773
2025-11-24T23:09:16.9342189Z ../../../.npm/_cacache/index-v5/56/4b/
2025-11-24T23:09:16.9342557Z ../../../.npm/_cacache/index-v5/56/4b/859813b09e1e5020654bf65fb2f19970c51f08f788d3c4f2ea5137051e1e
2025-11-24T23:09:16.9342934Z ../../../.npm/_cacache/index-v5/56/3c/
2025-11-24T23:09:16.9343309Z ../../../.npm/_cacache/index-v5/56/3c/f7b0ebdc21c4cce43b7684759e7f065db7f787a33d320bd5fd161181914f
2025-11-24T23:09:16.9343693Z ../../../.npm/_cacache/index-v5/69/
2025-11-24T23:09:16.9343917Z ../../../.npm/_cacache/index-v5/69/e0/
2025-11-24T23:09:16.9344287Z ../../../.npm/_cacache/index-v5/69/e0/2c6cd76c45fb7675b253ee3041dd13eaeb237bec296c1b3a5f4713195534
2025-11-24T23:09:16.9344679Z ../../../.npm/_cacache/index-v5/69/e3/
2025-11-24T23:09:16.9345059Z ../../../.npm/_cacache/index-v5/69/e3/1018bd2617c9bf8a0c2742b8d6db95d9995670b0e195cb06cfea9d61c009
2025-11-24T23:09:16.9345506Z ../../../.npm/_cacache/index-v5/49/
2025-11-24T23:09:16.9345734Z ../../../.npm/_cacache/index-v5/49/e3/
2025-11-24T23:09:16.9346110Z ../../../.npm/_cacache/index-v5/49/e3/9e9fe3c971d008e06398df8208c78d9f5dcc5be0d68b07c2580c7cbada47
2025-11-24T23:09:16.9346494Z ../../../.npm/_cacache/index-v5/cb/
2025-11-24T23:09:16.9346721Z ../../../.npm/_cacache/index-v5/cb/26/
2025-11-24T23:09:16.9347235Z ../../../.npm/_cacache/index-v5/cb/26/8e0f2dc7ddc5651ed0ea55c0d943822a49d07ef18951ebf2e1dd8d86a75c
2025-11-24T23:09:16.9347633Z ../../../.npm/_cacache/index-v5/9e/
2025-11-24T23:09:16.9347861Z ../../../.npm/_cacache/index-v5/9e/fe/
2025-11-24T23:09:16.9348244Z ../../../.npm/_cacache/index-v5/9e/fe/cae4ebc6b69608440ae4482eab198f8697b47235d2802ddf2ee7f7113e35
2025-11-24T23:09:16.9348632Z ../../../.npm/_cacache/index-v5/34/
2025-11-24T23:09:16.9348857Z ../../../.npm/_cacache/index-v5/34/05/
2025-11-24T23:09:16.9349235Z ../../../.npm/_cacache/index-v5/34/05/127f37b0ff3cd9c76b1497b5838d265a8a2b7ef495b7f9841f5d4665ba67
2025-11-24T23:09:16.9349613Z ../../../.npm/_cacache/index-v5/34/f7/
2025-11-24T23:09:16.9350022Z ../../../.npm/_cacache/index-v5/34/f7/8879c3cd1412a0890461590276aa13d0344cb4e09494a4b3d854a7c7660a
2025-11-24T23:09:16.9350392Z ../../../.npm/_cacache/index-v5/ed/
2025-11-24T23:09:16.9350618Z ../../../.npm/_cacache/index-v5/ed/90/
2025-11-24T23:09:16.9350992Z ../../../.npm/_cacache/index-v5/ed/90/ce5e9c174ff8132f56e2b9593990c2954dc744251209fb894ec36ef07f1e
2025-11-24T23:09:16.9351477Z ../../../.npm/_cacache/index-v5/ed/cc/
2025-11-24T23:09:16.9351860Z ../../../.npm/_cacache/index-v5/ed/cc/8febb312289c50a3d46f7269778501241bdd40deef0d7dac41aff37636ff
2025-11-24T23:09:16.9352258Z ../../../.npm/_cacache/index-v5/e8/
2025-11-24T23:09:16.9352497Z ../../../.npm/_cacache/index-v5/e8/ad/
2025-11-24T23:09:16.9352874Z ../../../.npm/_cacache/index-v5/e8/ad/09d01e1a140286a104a3deaa2cda92fe426a5115039ba9b221f230288b0c
2025-11-24T23:09:16.9353336Z ../../../.npm/_cacache/index-v5/2e/
2025-11-24T23:09:16.9353567Z ../../../.npm/_cacache/index-v5/2e/66/
2025-11-24T23:09:16.9353943Z ../../../.npm/_cacache/index-v5/2e/66/c575b6a9b956e50191a56ff8fa0685f05facf83db2e4d103cc2453fb0df4
2025-11-24T23:09:16.9354332Z ../../../.npm/_cacache/index-v5/be/
2025-11-24T23:09:16.9354561Z ../../../.npm/_cacache/index-v5/be/02/
2025-11-24T23:09:16.9354945Z ../../../.npm/_cacache/index-v5/be/02/fa2d7359ff02460e47e458e71f5b907b5cea91dd5e6fbe668404b7e2137b
2025-11-24T23:09:16.9355321Z ../../../.npm/_cacache/index-v5/f6/
2025-11-24T23:09:16.9355552Z ../../../.npm/_cacache/index-v5/f6/44/
2025-11-24T23:09:16.9355943Z ../../../.npm/_cacache/index-v5/f6/44/be954aca6e8bac59ed3f9aeedddfb27aff4451daf808e122d86491a37f77
2025-11-24T23:09:16.9356403Z ../../../.npm/_cacache/index-v5/c2/
2025-11-24T23:09:16.9356629Z ../../../.npm/_cacache/index-v5/c2/ba/
2025-11-24T23:09:16.9357005Z ../../../.npm/_cacache/index-v5/c2/ba/986a984b5f35ab2d37137aaa7fa8e905cccd2f9614d45637750dcbedca8e
2025-11-24T23:09:16.9357564Z ../../../.npm/_cacache/index-v5/d3/
2025-11-24T23:09:16.9357781Z ../../../.npm/_cacache/index-v5/d3/38/
2025-11-24T23:09:16.9358158Z ../../../.npm/_cacache/index-v5/d3/38/958979caf6b1237ddd992bc3729955641114cff270020c7cfb9b99d5d206
2025-11-24T23:09:16.9358539Z ../../../.npm/_cacache/index-v5/50/
2025-11-24T23:09:16.9358759Z ../../../.npm/_cacache/index-v5/50/f0/
2025-11-24T23:09:16.9359137Z ../../../.npm/_cacache/index-v5/50/f0/0e997ee6a8d9d3e1fe2557e21886443526c541650898324cf96d122c87b6
2025-11-24T23:09:16.9359519Z ../../../.npm/_cacache/index-v5/85/
2025-11-24T23:09:16.9359739Z ../../../.npm/_cacache/index-v5/85/f4/
2025-11-24T23:09:16.9360118Z ../../../.npm/_cacache/index-v5/85/f4/55189be39944cf4128880be8c6f5ac22c5f81fc4c5852b8dd3d192842037
2025-11-24T23:09:16.9360506Z ../../../.npm/_cacache/index-v5/85/e3/
2025-11-24T23:09:16.9360879Z ../../../.npm/_cacache/index-v5/85/e3/419224f61b4dee999548d94866a6d4732a1305a497db0e78f5af71aad359
2025-11-24T23:09:16.9361254Z ../../../.npm/_cacache/index-v5/b8/
2025-11-24T23:09:16.9361479Z ../../../.npm/_cacache/index-v5/b8/e8/
2025-11-24T23:09:16.9361857Z ../../../.npm/_cacache/index-v5/b8/e8/c1d11e16c807e15c5153c49f31cf625bba81b47342757f3b4b75759c47ec
2025-11-24T23:09:16.9362238Z ../../../.npm/_cacache/index-v5/10/
2025-11-24T23:09:16.9362467Z ../../../.npm/_cacache/index-v5/10/4d/
2025-11-24T23:09:16.9362849Z ../../../.npm/_cacache/index-v5/10/4d/14ebe0612693171ce4ef15f5c9a6c1a6b6466cc944d5618744df831a702c
2025-11-24T23:09:16.9363235Z ../../../.npm/_cacache/index-v5/4e/
2025-11-24T23:09:16.9363460Z ../../../.npm/_cacache/index-v5/4e/e4/
2025-11-24T23:09:16.9363844Z ../../../.npm/_cacache/index-v5/4e/e4/0e4c6bd79a242048420a031b3fd27cb82d0d0418b4680c9cbd76c6d6b21a
2025-11-24T23:09:16.9364234Z ../../../.npm/_cacache/index-v5/2c/
2025-11-24T23:09:16.9364458Z ../../../.npm/_cacache/index-v5/2c/8c/
2025-11-24T23:09:16.9364849Z ../../../.npm/_cacache/index-v5/2c/8c/dee73f255025da3a3aa2f652826821070e2a526acbcda1c77a2baa30c1fe
2025-11-24T23:09:16.9365244Z ../../../.npm/_cacache/index-v5/2c/24/
2025-11-24T23:09:16.9365623Z ../../../.npm/_cacache/index-v5/2c/24/e89f8bf36bf4f4865512579b711f7cba1f7f3a4cc4d8b133abb9793b0ea9
2025-11-24T23:09:16.9366012Z ../../../.npm/_cacache/index-v5/e6/
2025-11-24T23:09:16.9366237Z ../../../.npm/_cacache/index-v5/e6/b9/
2025-11-24T23:09:16.9366625Z ../../../.npm/_cacache/index-v5/e6/b9/c262607742a3ef38b1772599ae8e3f6d8f48c929a7f9846b251395e96916
2025-11-24T23:09:16.9367002Z ../../../.npm/_cacache/index-v5/21/
2025-11-24T23:09:16.9367492Z ../../../.npm/_cacache/index-v5/21/a7/
2025-11-24T23:09:16.9367902Z ../../../.npm/_cacache/index-v5/21/a7/bd8af8e4938b9fee217abddb09ce52db330434e323c828aeabe5bd909ae7
2025-11-24T23:09:16.9368301Z ../../../.npm/_cacache/index-v5/bc/
2025-11-24T23:09:16.9368541Z ../../../.npm/_cacache/index-v5/bc/e8/
2025-11-24T23:09:16.9368947Z ../../../.npm/_cacache/index-v5/bc/e8/da5791165b663933b3ee8759c812e56212ab8b22a82bdf628f8b9750c5a4
2025-11-24T23:09:16.9369427Z ../../../.npm/_cacache/index-v5/b4/
2025-11-24T23:09:16.9369647Z ../../../.npm/_cacache/index-v5/b4/9d/
2025-11-24T23:09:16.9370028Z ../../../.npm/_cacache/index-v5/b4/9d/5a271b1898a503a6f8a6b2361235fd7539e9ae1aa5622d3e78124d1a0c34
2025-11-24T23:09:16.9370406Z ../../../.npm/_cacache/index-v5/c6/
2025-11-24T23:09:16.9370622Z ../../../.npm/_cacache/index-v5/c6/cc/
2025-11-24T23:09:16.9371008Z ../../../.npm/_cacache/index-v5/c6/cc/c8b9d42b62404cdcf5b704e970ce7b3a94589eee615bf1c9171c7303440e
2025-11-24T23:09:16.9371406Z ../../../.npm/_cacache/index-v5/22/
2025-11-24T23:09:16.9371631Z ../../../.npm/_cacache/index-v5/22/7b/
2025-11-24T23:09:16.9372015Z ../../../.npm/_cacache/index-v5/22/7b/20f823628fc004836804bd5742c4d02fdd1027bf588cec6c0b50b18fea21
2025-11-24T23:09:16.9372396Z ../../../.npm/_cacache/index-v5/14/
2025-11-24T23:09:16.9372622Z ../../../.npm/_cacache/index-v5/14/b6/
2025-11-24T23:09:16.9372993Z ../../../.npm/_cacache/index-v5/14/b6/6e89b915d829e699748d6ececb01e19df29441c5bedf515372efb8070c1c
2025-11-24T23:09:16.9373379Z ../../../.npm/_cacache/index-v5/aa/
2025-11-24T23:09:16.9373607Z ../../../.npm/_cacache/index-v5/aa/89/
2025-11-24T23:09:16.9373984Z ../../../.npm/_cacache/index-v5/aa/89/7a69026a8e733ba3e0d403a8ab882ae7fabe57da458ba074db59260c20f1
2025-11-24T23:09:16.9374368Z ../../../.npm/_cacache/index-v5/45/
2025-11-24T23:09:16.9374594Z ../../../.npm/_cacache/index-v5/45/20/
2025-11-24T23:09:16.9374978Z ../../../.npm/_cacache/index-v5/45/20/b31bac7729a131d89d24a4c7be131750bca42a48de465bfea2234034fbef
2025-11-24T23:09:16.9375355Z ../../../.npm/_cacache/index-v5/45/74/
2025-11-24T23:09:16.9375732Z ../../../.npm/_cacache/index-v5/45/74/a45e494ca2e846d401646ceab55186fcfe87c4fa76d70a3850d08faf8949
2025-11-24T23:09:16.9376115Z ../../../.npm/_cacache/index-v5/37/
2025-11-24T23:09:16.9376333Z ../../../.npm/_cacache/index-v5/37/a0/
2025-11-24T23:09:16.9376717Z ../../../.npm/_cacache/index-v5/37/a0/021ecffe3a6a03d09df754d273271105bfc55d701d3afa3f04d70bbee723
2025-11-24T23:09:16.9377218Z ../../../.npm/_cacache/index-v5/00/
2025-11-24T23:09:16.9377464Z ../../../.npm/_cacache/index-v5/00/7d/
2025-11-24T23:09:16.9377848Z ../../../.npm/_cacache/index-v5/00/7d/c4d635a1d82183ecfe67e879026f3aed708ee7b4797df815f308a567459c
2025-11-24T23:09:16.9378237Z ../../../.npm/_cacache/index-v5/00/4b/
2025-11-24T23:09:16.9378617Z ../../../.npm/_cacache/index-v5/00/4b/41506cb5a6f673ed7600df661739e6f20e0b312c5b1d12d644bdb881af61
2025-11-24T23:09:16.9379059Z ../../../.npm/_cacache/index-v5/4a/
2025-11-24T23:09:16.9379352Z ../../../.npm/_cacache/index-v5/4a/de/
2025-11-24T23:09:16.9379732Z ../../../.npm/_cacache/index-v5/4a/de/aa628f43a9795eee281604e011058393572a6a3b06712cb10d04bcc64997
2025-11-24T23:09:16.9380110Z ../../../.npm/_logs/
2025-11-24T23:09:16.9380376Z ../../../.npm/_logs/2025-11-24T23_07_37_506Z-debug-0.log
2025-11-24T23:09:16.9380799Z ../../../.npm/_logs/2025-11-24T23_07_37_789Z-debug-0.log
2025-11-24T23:09:16.9381222Z ../../../.npm/_logs/2025-11-24T23_07_40_976Z-debug-0.log
2025-11-24T23:09:16.9382427Z [command]/usr/bin/tar -xf /home/runner/work/_temp/842bd534-4057-4b54-9bcb-fe2ff89737aa/cache.tzst -P -C /home/runner/work/cadence-3/cadence-3 --use-compress-program unzstd
2025-11-24T23:09:16.9393163Z Cache restored successfully
2025-11-24T23:09:16.9426250Z Cache restored from key: node-cache-Linux-x64-npm-26e7a29b360c5d805765783bf7be6003daa5ae2d911750425e4250488fb2370a
2025-11-24T23:09:16.9433220Z ##[add-matcher]/home/runner/work/_actions/actions/setup-node/v4/.github/tsc.json
2025-11-24T23:09:16.9452053Z ##[debug]Added matchers: 'tsc'. Problem matchers scan action output for known warning or error strings and report these inline.
2025-11-24T23:09:16.9452938Z ##[add-matcher]/home/runner/work/_actions/actions/setup-node/v4/.github/eslint-stylish.json
2025-11-24T23:09:16.9460772Z ##[debug]Added matchers: 'eslint-stylish'. Problem matchers scan action output for known warning or error strings and report these inline.
2025-11-24T23:09:16.9461653Z ##[add-matcher]/home/runner/work/_actions/actions/setup-node/v4/.github/eslint-compact.json
2025-11-24T23:09:16.9464375Z ##[debug]Added matchers: 'eslint-compact'. Problem matchers scan action output for known warning or error strings and report these inline.
2025-11-24T23:09:16.9502099Z ##[debug]Node Action run completed with exit code 0
2025-11-24T23:09:16.9504884Z ##[debug]Save intra-action state SETUP_NODE_CACHE_PACKAGE_MANAGER = npm
2025-11-24T23:09:16.9505305Z ##[debug]Save intra-action state CACHE_PATHS = ["/home/runner/.npm"]
2025-11-24T23:09:16.9505936Z ##[debug]Save intra-action state CACHE_KEY = node-cache-Linux-x64-npm-26e7a29b360c5d805765783bf7be6003daa5ae2d911750425e4250488fb2370a
2025-11-24T23:09:16.9506789Z ##[debug]Save intra-action state CACHE_RESULT = node-cache-Linux-x64-npm-26e7a29b360c5d805765783bf7be6003daa5ae2d911750425e4250488fb2370a
2025-11-24T23:09:16.9507764Z ##[debug]Set output node-version = v20.19.5
2025-11-24T23:09:16.9508054Z ##[debug]Set output cache-hit = true
2025-11-24T23:09:16.9508683Z ##[debug]Finishing: Setup Node
2025-11-24T23:09:16.9515423Z ##[debug]Evaluating condition for step: 'Install dependencies'
2025-11-24T23:09:16.9518063Z ##[debug]Evaluating: success()
2025-11-24T23:09:16.9518411Z ##[debug]Evaluating success:
2025-11-24T23:09:16.9518901Z ##[debug]=> true
2025-11-24T23:09:16.9519198Z ##[debug]Result: true
2025-11-24T23:09:16.9519858Z ##[debug]Starting: Install dependencies
2025-11-24T23:09:16.9530417Z ##[debug]Loading inputs
2025-11-24T23:09:16.9531480Z ##[debug]Loading env
2025-11-24T23:09:16.9547005Z ##[group]Run npm ci
2025-11-24T23:09:16.9547784Z [36;1mnpm ci[0m
2025-11-24T23:09:16.9583134Z shell: /usr/bin/bash -e {0}
2025-11-24T23:09:16.9583392Z ##[endgroup]
2025-11-24T23:09:16.9627877Z ##[debug]/usr/bin/bash -e /home/runner/work/_temp/d0a20a9a-befc-4a16-9dab-1d4704874665.sh
2025-11-24T23:09:18.3770102Z npm warn deprecated node-domexception@1.0.0: Use your platform's native DOMException instead
2025-11-24T23:09:19.0616829Z 
2025-11-24T23:09:19.0617832Z added 138 packages, and audited 139 packages in 2s
2025-11-24T23:09:19.0618200Z 
2025-11-24T23:09:19.0618446Z 28 packages are looking for funding
2025-11-24T23:09:19.0618876Z   run `npm fund` for details
2025-11-24T23:09:19.0628799Z 
2025-11-24T23:09:19.0629457Z found 0 vulnerabilities
2025-11-24T23:09:19.0746249Z ##[debug]Finishing: Install dependencies
2025-11-24T23:09:19.0752485Z ##[debug]Evaluating condition for step: 'Build'
2025-11-24T23:09:19.0754055Z ##[debug]Evaluating: success()
2025-11-24T23:09:19.0754387Z ##[debug]Evaluating success:
2025-11-24T23:09:19.0754765Z ##[debug]=> true
2025-11-24T23:09:19.0755050Z ##[debug]Result: true
2025-11-24T23:09:19.0755589Z ##[debug]Starting: Build
2025-11-24T23:09:19.0761859Z ##[debug]Loading inputs
2025-11-24T23:09:19.0762834Z ##[debug]Loading env
2025-11-24T23:09:19.0766513Z ##[group]Run npm run build
2025-11-24T23:09:19.0766749Z [36;1mnpm run build[0m
2025-11-24T23:09:19.0785508Z shell: /usr/bin/bash -e {0}
2025-11-24T23:09:19.0785756Z ##[endgroup]
2025-11-24T23:09:19.0805728Z ##[debug]/usr/bin/bash -e /home/runner/work/_temp/29f357bb-f2e1-4f9d-9404-a16ed622d6a7.sh
2025-11-24T23:09:19.1792402Z 
2025-11-24T23:09:19.4531611Z > cadence@0.0.0 build
2025-11-24T23:09:19.4532088Z > vite build
2025-11-24T23:09:19.4532317Z 
2025-11-24T23:09:19.4533049Z [36mvite v6.4.1 [32mbuilding for production...[36m[39m
2025-11-24T23:09:19.5190595Z transforming...
2025-11-24T23:09:19.5256471Z [32m[39m 2 modules transformed.
2025-11-24T23:09:19.5375795Z rendering chunks...
2025-11-24T23:09:19.5409955Z computing gzip size...
2025-11-24T23:09:19.5449892Z [2mdist/[22m[32mindex.html  [39m[1m[2m3.24 kB[22m[1m[22m[2m  gzip: 1.25 kB[22m
2025-11-24T23:09:19.5451059Z [32m built in 69ms[39m
2025-11-24T23:09:19.5543056Z ##[debug]Finishing: Build
2025-11-24T23:09:19.5549335Z ##[debug]Evaluating condition for step: 'Add .nojekyll'
2025-11-24T23:09:19.5550810Z ##[debug]Evaluating: success()
2025-11-24T23:09:19.5551142Z ##[debug]Evaluating success:
2025-11-24T23:09:19.5551534Z ##[debug]=> true
2025-11-24T23:09:19.5551837Z ##[debug]Result: true
2025-11-24T23:09:19.5552600Z ##[debug]Starting: Add .nojekyll
2025-11-24T23:09:19.5558648Z ##[debug]Loading inputs
2025-11-24T23:09:19.5559609Z ##[debug]Loading env
2025-11-24T23:09:19.5562737Z ##[group]Run touch dist/.nojekyll
2025-11-24T23:09:19.5563001Z [36;1mtouch dist/.nojekyll[0m
2025-11-24T23:09:19.5581563Z shell: /usr/bin/bash -e {0}
2025-11-24T23:09:19.5581820Z ##[endgroup]
2025-11-24T23:09:19.5601515Z ##[debug]/usr/bin/bash -e /home/runner/work/_temp/6ba0c679-496d-41cf-bafc-4f9cd991fa3e.sh
2025-11-24T23:09:19.5634481Z ##[debug]Finishing: Add .nojekyll
2025-11-24T23:09:19.5641305Z ##[debug]Evaluating condition for step: 'Setup Pages'
2025-11-24T23:09:19.5642751Z ##[debug]Evaluating: success()
2025-11-24T23:09:19.5643181Z ##[debug]Evaluating success:
2025-11-24T23:09:19.5643620Z ##[debug]=> true
2025-11-24T23:09:19.5643965Z ##[debug]Result: true
2025-11-24T23:09:19.5644517Z ##[debug]Starting: Setup Pages
2025-11-24T23:09:19.5670002Z ##[debug]Loading inputs
2025-11-24T23:09:19.5671776Z ##[debug]Evaluating: github.token
2025-11-24T23:09:19.5672091Z ##[debug]Evaluating Index:
2025-11-24T23:09:19.5672316Z ##[debug]..Evaluating github:
2025-11-24T23:09:19.5672561Z ##[debug]..=> Object
2025-11-24T23:09:19.5672772Z ##[debug]..Evaluating String:
2025-11-24T23:09:19.5673015Z ##[debug]..=> 'token'
2025-11-24T23:09:19.5673646Z ##[debug]=> '***'
2025-11-24T23:09:19.5673963Z ##[debug]Result: '***'
2025-11-24T23:09:19.5675235Z ##[debug]Loading env
2025-11-24T23:09:19.5679000Z ##[group]Run actions/configure-pages@v4
2025-11-24T23:09:19.5679232Z with:
2025-11-24T23:09:19.5679529Z   token: ***
2025-11-24T23:09:19.5679695Z   enablement: false
2025-11-24T23:09:19.5679872Z ##[endgroup]
2025-11-24T23:09:19.6285153Z ##[debug]all variables are set
2025-11-24T23:09:19.9375531Z ##[debug]Node Action run completed with exit code 0
2025-11-24T23:09:19.9383533Z ##[debug]GITHUB_PAGES='true'
2025-11-24T23:09:19.9385304Z ##[debug]Set output base_url = https://opj161.github.io/cadence-3
2025-11-24T23:09:19.9385765Z ##[debug]Set output origin = https://opj161.github.io
2025-11-24T23:09:19.9386151Z ##[debug]Set output host = opj161.github.io
2025-11-24T23:09:19.9386477Z ##[debug]Set output base_path = /cadence-3
2025-11-24T23:09:19.9386971Z ##[debug]Finishing: Setup Pages
2025-11-24T23:09:19.9395028Z ##[debug]Evaluating condition for step: 'Upload artifact'
2025-11-24T23:09:19.9396428Z ##[debug]Evaluating: success()
2025-11-24T23:09:19.9396838Z ##[debug]Evaluating success:
2025-11-24T23:09:19.9397502Z ##[debug]=> true
2025-11-24T23:09:19.9397896Z ##[debug]Result: true
2025-11-24T23:09:19.9398533Z ##[debug]Starting: Upload artifact
2025-11-24T23:09:19.9439529Z ##[debug]Loading inputs
2025-11-24T23:09:19.9441326Z ##[debug]Loading env
2025-11-24T23:09:19.9449189Z ##[group]Run actions/upload-pages-artifact@v3
2025-11-24T23:09:19.9449442Z with:
2025-11-24T23:09:19.9449611Z   path: ./dist
2025-11-24T23:09:19.9449799Z   name: github-pages
2025-11-24T23:09:19.9450019Z   retention-days: 1
2025-11-24T23:09:19.9450199Z env:
2025-11-24T23:09:19.9450375Z   GITHUB_PAGES: true
2025-11-24T23:09:19.9450566Z ##[endgroup]
2025-11-24T23:09:19.9501048Z ##[debug]Evaluating: inputs.path
2025-11-24T23:09:19.9501337Z ##[debug]Evaluating Index:
2025-11-24T23:09:19.9501636Z ##[debug]..Evaluating inputs:
2025-11-24T23:09:19.9501891Z ##[debug]..=> Object
2025-11-24T23:09:19.9502120Z ##[debug]..Evaluating String:
2025-11-24T23:09:19.9502356Z ##[debug]..=> 'path'
2025-11-24T23:09:19.9502660Z ##[debug]=> './dist'
2025-11-24T23:09:19.9502851Z ##[debug]Result: './dist'
2025-11-24T23:09:19.9503306Z ##[debug]Evaluating condition for step: 'run'
2025-11-24T23:09:19.9505058Z ##[debug]Evaluating: (success() && (runner.os == 'Linux'))
2025-11-24T23:09:19.9505469Z ##[debug]Evaluating And:
2025-11-24T23:09:19.9505751Z ##[debug]..Evaluating success:
2025-11-24T23:09:19.9506418Z ##[debug]..=> true
2025-11-24T23:09:19.9506710Z ##[debug]..Evaluating Equal:
2025-11-24T23:09:19.9507006Z ##[debug]....Evaluating Index:
2025-11-24T23:09:19.9507503Z ##[debug]......Evaluating runner:
2025-11-24T23:09:19.9507996Z ##[debug]......=> Object
2025-11-24T23:09:19.9508278Z ##[debug]......Evaluating String:
2025-11-24T23:09:19.9508565Z ##[debug]......=> 'os'
2025-11-24T23:09:19.9508905Z ##[debug]....=> 'Linux'
2025-11-24T23:09:19.9509188Z ##[debug]....Evaluating String:
2025-11-24T23:09:19.9509466Z ##[debug]....=> 'Linux'
2025-11-24T23:09:19.9509731Z ##[debug]..=> true
2025-11-24T23:09:19.9509979Z ##[debug]=> true
2025-11-24T23:09:19.9510391Z ##[debug]Expanded: (true && ('Linux' == 'Linux'))
2025-11-24T23:09:19.9510749Z ##[debug]Result: true
2025-11-24T23:09:19.9518683Z ##[debug]Starting: run
2025-11-24T23:09:19.9524571Z ##[debug]Loading inputs
2025-11-24T23:09:19.9525419Z ##[debug]Loading env
2025-11-24T23:09:19.9528831Z ##[group]Run echo ::group::Archive artifact
2025-11-24T23:09:19.9529137Z [36;1mecho ::group::Archive artifact[0m
2025-11-24T23:09:19.9529369Z [36;1mtar \[0m
2025-11-24T23:09:19.9529585Z [36;1m  --dereference --hard-dereference \[0m
2025-11-24T23:09:19.9529853Z [36;1m  --directory "$INPUT_PATH" \[0m
2025-11-24T23:09:19.9530122Z [36;1m  -cvf "$RUNNER_TEMP/artifact.tar" \[0m
2025-11-24T23:09:19.9530372Z [36;1m  --exclude=.git \[0m
2025-11-24T23:09:19.9530586Z [36;1m  --exclude=.github \[0m
2025-11-24T23:09:19.9530801Z [36;1m  .[0m
2025-11-24T23:09:19.9530983Z [36;1mecho ::endgroup::[0m
2025-11-24T23:09:20.0300532Z shell: /usr/bin/sh -e {0}
2025-11-24T23:09:20.0300822Z env:
2025-11-24T23:09:20.0301031Z   GITHUB_PAGES: true
2025-11-24T23:09:20.0301275Z   INPUT_PATH: ./dist
2025-11-24T23:09:20.0301494Z ##[endgroup]
2025-11-24T23:09:20.0339583Z ##[debug]/usr/bin/sh -e /home/runner/work/_temp/0f505a61-5edf-4586-aee7-f4e27ac8614a.sh
2025-11-24T23:09:20.0353565Z ::group::Archive artifact
2025-11-24T23:09:20.0353905Z ##[group]Archive artifact
2025-11-24T23:09:20.0366399Z ./
2025-11-24T23:09:20.0366722Z ./.nojekyll
2025-11-24T23:09:20.0367029Z ./index.html
2025-11-24T23:09:20.0368327Z ::endgroup::
2025-11-24T23:09:20.0368759Z ##[endgroup]
2025-11-24T23:09:20.0375306Z ##[debug]Finished: run
2025-11-24T23:09:20.0381002Z ##[debug]Evaluating: inputs.path
2025-11-24T23:09:20.0381288Z ##[debug]Evaluating Index:
2025-11-24T23:09:20.0381516Z ##[debug]..Evaluating inputs:
2025-11-24T23:09:20.0381811Z ##[debug]..=> Object
2025-11-24T23:09:20.0382197Z ##[debug]..Evaluating String:
2025-11-24T23:09:20.0382428Z ##[debug]..=> 'path'
2025-11-24T23:09:20.0382683Z ##[debug]=> './dist'
2025-11-24T23:09:20.0382884Z ##[debug]Result: './dist'
2025-11-24T23:09:20.0383294Z ##[debug]Evaluating condition for step: 'run'
2025-11-24T23:09:20.0384506Z ##[debug]Evaluating: (success() && (runner.os == 'macOS'))
2025-11-24T23:09:20.0384894Z ##[debug]Evaluating And:
2025-11-24T23:09:20.0385222Z ##[debug]..Evaluating success:
2025-11-24T23:09:20.0385610Z ##[debug]..=> true
2025-11-24T23:09:20.0385889Z ##[debug]..Evaluating Equal:
2025-11-24T23:09:20.0386176Z ##[debug]....Evaluating Index:
2025-11-24T23:09:20.0386468Z ##[debug]......Evaluating runner:
2025-11-24T23:09:20.0386766Z ##[debug]......=> Object
2025-11-24T23:09:20.0387046Z ##[debug]......Evaluating String:
2025-11-24T23:09:20.0387561Z ##[debug]......=> 'os'
2025-11-24T23:09:20.0387942Z ##[debug]....=> 'Linux'
2025-11-24T23:09:20.0388231Z ##[debug]....Evaluating String:
2025-11-24T23:09:20.0388542Z ##[debug]....=> 'macOS'
2025-11-24T23:09:20.0388825Z ##[debug]..=> false
2025-11-24T23:09:20.0389081Z ##[debug]=> false
2025-11-24T23:09:20.0389493Z ##[debug]Expanded: (true && ('Linux' == 'macOS'))
2025-11-24T23:09:20.0389832Z ##[debug]Result: false
2025-11-24T23:09:20.0392553Z ##[debug]Evaluating: inputs.path
2025-11-24T23:09:20.0392800Z ##[debug]Evaluating Index:
2025-11-24T23:09:20.0393012Z ##[debug]..Evaluating inputs:
2025-11-24T23:09:20.0393246Z ##[debug]..=> Object
2025-11-24T23:09:20.0393450Z ##[debug]..Evaluating String:
2025-11-24T23:09:20.0393664Z ##[debug]..=> 'path'
2025-11-24T23:09:20.0393870Z ##[debug]=> './dist'
2025-11-24T23:09:20.0394063Z ##[debug]Result: './dist'
2025-11-24T23:09:20.0394402Z ##[debug]Evaluating condition for step: 'run'
2025-11-24T23:09:20.0395369Z ##[debug]Evaluating: (success() && (runner.os == 'Windows'))
2025-11-24T23:09:20.0395880Z ##[debug]Evaluating And:
2025-11-24T23:09:20.0396163Z ##[debug]..Evaluating success:
2025-11-24T23:09:20.0396473Z ##[debug]..=> true
2025-11-24T23:09:20.0396744Z ##[debug]..Evaluating Equal:
2025-11-24T23:09:20.0397026Z ##[debug]....Evaluating Index:
2025-11-24T23:09:20.0397503Z ##[debug]......Evaluating runner:
2025-11-24T23:09:20.0397806Z ##[debug]......=> Object
2025-11-24T23:09:20.0398088Z ##[debug]......Evaluating String:
2025-11-24T23:09:20.0398373Z ##[debug]......=> 'os'
2025-11-24T23:09:20.0398655Z ##[debug]....=> 'Linux'
2025-11-24T23:09:20.0398928Z ##[debug]....Evaluating String:
2025-11-24T23:09:20.0399204Z ##[debug]....=> 'Windows'
2025-11-24T23:09:20.0399469Z ##[debug]..=> false
2025-11-24T23:09:20.0399715Z ##[debug]=> false
2025-11-24T23:09:20.0400107Z ##[debug]Expanded: (true && ('Linux' == 'Windows'))
2025-11-24T23:09:20.0400447Z ##[debug]Result: false
2025-11-24T23:09:20.0401383Z ##[debug]Evaluating condition for step: 'run'
2025-11-24T23:09:20.0402143Z ##[debug]Evaluating: success()
2025-11-24T23:09:20.0402453Z ##[debug]Evaluating success:
2025-11-24T23:09:20.0402755Z ##[debug]=> true
2025-11-24T23:09:20.0403032Z ##[debug]Result: true
2025-11-24T23:09:20.0403386Z ##[debug]Starting: run
2025-11-24T23:09:20.0421606Z ##[debug]Loading inputs
2025-11-24T23:09:20.0422678Z ##[debug]Evaluating: inputs.name
2025-11-24T23:09:20.0422940Z ##[debug]Evaluating Index:
2025-11-24T23:09:20.0423183Z ##[debug]..Evaluating inputs:
2025-11-24T23:09:20.0423430Z ##[debug]..=> Object
2025-11-24T23:09:20.0423645Z ##[debug]..Evaluating String:
2025-11-24T23:09:20.0423873Z ##[debug]..=> 'name'
2025-11-24T23:09:20.0424126Z ##[debug]=> 'github-pages'
2025-11-24T23:09:20.0424389Z ##[debug]Result: 'github-pages'
2025-11-24T23:09:20.0426208Z ##[debug]Evaluating: format('{0}/artifact.tar', runner.temp)
2025-11-24T23:09:20.0426528Z ##[debug]Evaluating format:
2025-11-24T23:09:20.0430688Z ##[debug]..Evaluating String:
2025-11-24T23:09:20.0430989Z ##[debug]..=> '{0}/artifact.tar'
2025-11-24T23:09:20.0442593Z ##[debug]..Evaluating Index:
2025-11-24T23:09:20.0442869Z ##[debug]....Evaluating runner:
2025-11-24T23:09:20.0443143Z ##[debug]....=> Object
2025-11-24T23:09:20.0443564Z ##[debug]....Evaluating String:
2025-11-24T23:09:20.0443818Z ##[debug]....=> 'temp'
2025-11-24T23:09:20.0444071Z ##[debug]..=> '/home/runner/work/_temp'
2025-11-24T23:09:20.0445021Z ##[debug]=> '/home/runner/work/_temp/artifact.tar'
2025-11-24T23:09:20.0445397Z ##[debug]Result: '/home/runner/work/_temp/artifact.tar'
2025-11-24T23:09:20.0446085Z ##[debug]Evaluating: inputs.retention-days
2025-11-24T23:09:20.0446341Z ##[debug]Evaluating Index:
2025-11-24T23:09:20.0446570Z ##[debug]..Evaluating inputs:
2025-11-24T23:09:20.0446801Z ##[debug]..=> Object
2025-11-24T23:09:20.0447006Z ##[debug]..Evaluating String:
2025-11-24T23:09:20.0447410Z ##[debug]..=> 'retention-days'
2025-11-24T23:09:20.0447659Z ##[debug]=> '1'
2025-11-24T23:09:20.0447847Z ##[debug]Result: '1'
2025-11-24T23:09:20.0449769Z ##[debug]Loading env
2025-11-24T23:09:20.0453361Z ##[group]Run actions/upload-artifact@v4
2025-11-24T23:09:20.0453603Z with:
2025-11-24T23:09:20.0453776Z   name: github-pages
2025-11-24T23:09:20.0453993Z   path: /home/runner/work/_temp/artifact.tar
2025-11-24T23:09:20.0454242Z   retention-days: 1
2025-11-24T23:09:20.0454438Z   if-no-files-found: error
2025-11-24T23:09:20.0454642Z   compression-level: 6
2025-11-24T23:09:20.0454842Z   overwrite: false
2025-11-24T23:09:20.0455035Z   include-hidden-files: false
2025-11-24T23:09:20.0455236Z env:
2025-11-24T23:09:20.0455397Z   GITHUB_PAGES: true
2025-11-24T23:09:20.0455578Z ##[endgroup]
2025-11-24T23:09:20.2388056Z ##[debug]followSymbolicLinks 'true'
2025-11-24T23:09:20.2388899Z ##[debug]implicitDescendants 'true'
2025-11-24T23:09:20.2389524Z ##[debug]omitBrokenSymbolicLinks 'true'
2025-11-24T23:09:20.2389984Z ##[debug]excludeHiddenFiles 'true'
2025-11-24T23:09:20.2439587Z ##[debug]followSymbolicLinks 'true'
2025-11-24T23:09:20.2440546Z ##[debug]implicitDescendants 'true'
2025-11-24T23:09:20.2441530Z ##[debug]matchDirectories 'true'
2025-11-24T23:09:20.2442108Z ##[debug]omitBrokenSymbolicLinks 'true'
2025-11-24T23:09:20.2442757Z ##[debug]excludeHiddenFiles 'true'
2025-11-24T23:09:20.2443796Z ##[debug]Search path '/home/runner/work/_temp/artifact.tar'
2025-11-24T23:09:20.2445021Z ##[debug]File:/home/runner/work/_temp/artifact.tar was found using the provided searchPath
2025-11-24T23:09:20.2445745Z With the provided path, there will be 1 file uploaded
2025-11-24T23:09:20.2446732Z ##[debug]Root artifact directory is /home/runner/work/_temp
2025-11-24T23:09:20.2449943Z Artifact name is valid!
2025-11-24T23:09:20.2451095Z Root directory input is valid!
2025-11-24T23:09:20.2467409Z ##[debug]Workflow Run Backend ID: 8d02ad66-3ac7-430f-9323-1fd886e1a020
2025-11-24T23:09:20.2470544Z ##[debug]Workflow Job Run Backend ID: 6106bfce-726b-5ea7-be7d-c2113a376087
2025-11-24T23:09:20.2482620Z ##[debug][Request] CreateArtifact https://results-receiver.actions.githubusercontent.com/twirp/github.actions.results.api.v1.ArtifactService/CreateArtifact
2025-11-24T23:09:20.5001583Z ##[debug][Response] - 200
2025-11-24T23:09:20.5002296Z ##[debug]Headers: {
2025-11-24T23:09:20.5002665Z ##[debug]  "content-length": "582",
2025-11-24T23:09:20.5003117Z ##[debug]  "content-type": "application/json",
2025-11-24T23:09:20.5003611Z ##[debug]  "date": "Mon, 24 Nov 2025 23:09:20 GMT",
2025-11-24T23:09:20.5004109Z ##[debug]  "x-github-backend": "Kubernetes",
2025-11-24T23:09:20.5004642Z ##[debug]  "x-github-request-id": "7C44:3E3CC6:4FC469:6010AA:6924E5A0"
2025-11-24T23:09:20.5005194Z ##[debug]}
2025-11-24T23:09:20.5007953Z ::add-mask::***
2025-11-24T23:09:20.5009500Z ::add-mask::***
2025-11-24T23:09:20.5010518Z ##[debug]Body: {
2025-11-24T23:09:20.5010808Z ##[debug]  "ok": true,
2025-11-24T23:09:20.5014638Z ##[debug]  "signed_upload_url": "https://productionresultssa11.blob.core.windows.net/actions-results/8d02ad66-3ac7-430f-9323-1fd886e1a020/workflow-job-run-6106bfce-726b-5ea7-be7d-c2113a376087/artifacts/afa28766d3caf497f6ad369ac6c5505dd8db6689a300a79784c20dcaaf97018f.zip?se=2025-11-25T00%3A09%3A20Z&sig=***&ske=2025-11-25T10%3A55%3A10Z&skoid=ca7593d4-ee42-46cd-af88-8b886a2f84eb&sks=b&skt=2025-11-24T22%3A55%3A10Z&sktid=398a6654-997b-47e9-b12b-9515b896b4de&skv=2025-11-05&sp=cw&spr=https&sr=b&st=2025-11-24T23%3A09%3A15Z&sv=2025-11-05"
2025-11-24T23:09:20.5017846Z ##[debug]}
2025-11-24T23:09:20.5018607Z ##[debug]Creating Artifact archive with compressionLevel: 6
2025-11-24T23:09:20.5038072Z ##[debug]Zip write high watermark value 8388608
2025-11-24T23:09:20.5038910Z ##[debug]Zip read high watermark value 8388608
2025-11-24T23:09:20.5092541Z ##[debug]Uploading artifact zip to blob storage with maxConcurrency: 5, bufferSize: 8388608
2025-11-24T23:09:20.5095080Z Beginning upload of artifact content to blob storage
2025-11-24T23:09:20.5207779Z ##[debug]Zip stream for upload has ended.
2025-11-24T23:09:20.5210054Z ##[debug]Zip stream for upload has finished.
2025-11-24T23:09:20.7538242Z Uploaded bytes 1525
2025-11-24T23:09:20.8180534Z Finished uploading artifact content to blob storage!
2025-11-24T23:09:20.8183447Z SHA256 digest of uploaded artifact zip is f9ca354bbface8ec1c08d5974be14b7a22d0a7e12fcf53d487bcae34004424e2
2025-11-24T23:09:20.8184883Z Finalizing artifact upload
2025-11-24T23:09:20.8187907Z ##[debug][Request] FinalizeArtifact https://results-receiver.actions.githubusercontent.com/twirp/github.actions.results.api.v1.ArtifactService/FinalizeArtifact
2025-11-24T23:09:20.9674206Z ##[debug][Response] - 200
2025-11-24T23:09:20.9674793Z ##[debug]Headers: {
2025-11-24T23:09:20.9675056Z ##[debug]  "content-length": "38",
2025-11-24T23:09:20.9675382Z ##[debug]  "content-type": "application/json",
2025-11-24T23:09:20.9675725Z ##[debug]  "date": "Mon, 24 Nov 2025 23:09:20 GMT",
2025-11-24T23:09:20.9676058Z ##[debug]  "x-github-backend": "Kubernetes",
2025-11-24T23:09:20.9676580Z ##[debug]  "x-github-request-id": "7C44:3E3CC6:4FC559:6011CC:6924E5A0"
2025-11-24T23:09:20.9677333Z ##[debug]}
2025-11-24T23:09:20.9678378Z ##[debug]Body: {
2025-11-24T23:09:20.9678746Z ##[debug]  "ok": true,
2025-11-24T23:09:20.9679154Z ##[debug]  "artifact_id": "4666953328"
2025-11-24T23:09:20.9679595Z ##[debug]}
2025-11-24T23:09:20.9680184Z Artifact github-pages.zip successfully finalized. Artifact ID 4666953328
2025-11-24T23:09:20.9680944Z Artifact github-pages has been successfully uploaded! Final size is 1525 bytes. Artifact ID is 4666953328
2025-11-24T23:09:20.9690067Z Artifact download URL: https://github.com/opj161/cadence-3/actions/runs/19652242622/artifacts/4666953328
2025-11-24T23:09:20.9738438Z ##[debug]Node Action run completed with exit code 0
2025-11-24T23:09:20.9760686Z ##[debug]Set output artifact-id = 4666953328
2025-11-24T23:09:20.9761341Z ##[debug]Set output artifact-digest = f9ca354bbface8ec1c08d5974be14b7a22d0a7e12fcf53d487bcae34004424e2
2025-11-24T23:09:20.9762030Z ##[debug]Set output artifact-url = https://github.com/opj161/cadence-3/actions/runs/19652242622/artifacts/4666953328
2025-11-24T23:09:20.9762881Z ##[debug]Finished: run
2025-11-24T23:09:20.9785164Z ##[debug]Evaluating: steps.upload-artifact.outputs.artifact-id
2025-11-24T23:09:20.9785591Z ##[debug]Evaluating Index:
2025-11-24T23:09:20.9785850Z ##[debug]..Evaluating Index:
2025-11-24T23:09:20.9786106Z ##[debug]....Evaluating Index:
2025-11-24T23:09:20.9786350Z ##[debug]......Evaluating steps:
2025-11-24T23:09:20.9786649Z ##[debug]......=> Object
2025-11-24T23:09:20.9786895Z ##[debug]......Evaluating String:
2025-11-24T23:09:20.9787398Z ##[debug]......=> 'upload-artifact'
2025-11-24T23:09:20.9787722Z ##[debug]....=> Object
2025-11-24T23:09:20.9787985Z ##[debug]....Evaluating String:
2025-11-24T23:09:20.9788279Z ##[debug]....=> 'outputs'
2025-11-24T23:09:20.9788499Z ##[debug]..=> Object
2025-11-24T23:09:20.9788710Z ##[debug]..Evaluating String:
2025-11-24T23:09:20.9788942Z ##[debug]..=> 'artifact-id'
2025-11-24T23:09:20.9789172Z ##[debug]=> '4666953328'
2025-11-24T23:09:20.9789405Z ##[debug]Result: '4666953328'
2025-11-24T23:09:20.9797284Z ##[debug]Finishing: Upload artifact
2025-11-24T23:09:20.9803935Z ##[debug]Evaluating condition for step: 'Post Setup Node'
2025-11-24T23:09:20.9805193Z ##[debug]Evaluating: success()
2025-11-24T23:09:20.9805554Z ##[debug]Evaluating success:
2025-11-24T23:09:20.9805917Z ##[debug]=> true
2025-11-24T23:09:20.9806232Z ##[debug]Result: true
2025-11-24T23:09:20.9806868Z ##[debug]Starting: Post Setup Node
2025-11-24T23:09:20.9825392Z ##[debug]Loading inputs
2025-11-24T23:09:20.9828895Z ##[debug]Evaluating: (((github.server_url == 'https://github.com') && github.token) || '')
2025-11-24T23:09:20.9829316Z ##[debug]Evaluating Or:
2025-11-24T23:09:20.9829549Z ##[debug]..Evaluating And:
2025-11-24T23:09:20.9829787Z ##[debug]....Evaluating Equal:
2025-11-24T23:09:20.9830028Z ##[debug]......Evaluating Index:
2025-11-24T23:09:20.9830271Z ##[debug]........Evaluating github:
2025-11-24T23:09:20.9830545Z ##[debug]........=> Object
2025-11-24T23:09:20.9830781Z ##[debug]........Evaluating String:
2025-11-24T23:09:20.9831015Z ##[debug]........=> 'server_url'
2025-11-24T23:09:20.9831371Z ##[debug]......=> 'https://github.com'
2025-11-24T23:09:20.9831627Z ##[debug]......Evaluating String:
2025-11-24T23:09:20.9831868Z ##[debug]......=> 'https://github.com'
2025-11-24T23:09:20.9832108Z ##[debug]....=> true
2025-11-24T23:09:20.9832323Z ##[debug]....Evaluating Index:
2025-11-24T23:09:20.9832553Z ##[debug]......Evaluating github:
2025-11-24T23:09:20.9832789Z ##[debug]......=> Object
2025-11-24T23:09:20.9833001Z ##[debug]......Evaluating String:
2025-11-24T23:09:20.9833262Z ##[debug]......=> 'token'
2025-11-24T23:09:20.9833644Z ##[debug]....=> '***'
2025-11-24T23:09:20.9833931Z ##[debug]..=> '***'
2025-11-24T23:09:20.9834194Z ##[debug]=> '***'
2025-11-24T23:09:20.9834665Z ##[debug]Expanded: ((('https://github.com' == 'https://github.com') && '***') || '')
2025-11-24T23:09:20.9835101Z ##[debug]Result: '***'
2025-11-24T23:09:20.9836570Z ##[debug]Loading env
2025-11-24T23:09:20.9840388Z Post job cleanup.
2025-11-24T23:09:21.1263339Z Cache hit occurred on the primary key node-cache-Linux-x64-npm-26e7a29b360c5d805765783bf7be6003daa5ae2d911750425e4250488fb2370a, not saving cache.
2025-11-24T23:09:21.1293590Z ##[debug]Node Action run completed with exit code 0
2025-11-24T23:09:21.1295572Z ##[debug]Finishing: Post Setup Node
2025-11-24T23:09:21.1301522Z ##[debug]Evaluating condition for step: 'Post Checkout'
2025-11-24T23:09:21.1304505Z ##[debug]Evaluating: always()
2025-11-24T23:09:21.1304873Z ##[debug]Evaluating always:
2025-11-24T23:09:21.1305818Z ##[debug]=> true
2025-11-24T23:09:21.1306155Z ##[debug]Result: true
2025-11-24T23:09:21.1306673Z ##[debug]Starting: Post Checkout
2025-11-24T23:09:21.1329447Z ##[debug]Loading inputs
2025-11-24T23:09:21.1330322Z ##[debug]Evaluating: github.repository
2025-11-24T23:09:21.1330599Z ##[debug]Evaluating Index:
2025-11-24T23:09:21.1330828Z ##[debug]..Evaluating github:
2025-11-24T23:09:21.1331090Z ##[debug]..=> Object
2025-11-24T23:09:21.1331315Z ##[debug]..Evaluating String:
2025-11-24T23:09:21.1331544Z ##[debug]..=> 'repository'
2025-11-24T23:09:21.1331836Z ##[debug]=> 'opj161/cadence-3'
2025-11-24T23:09:21.1332080Z ##[debug]Result: 'opj161/cadence-3'
2025-11-24T23:09:21.1333171Z ##[debug]Evaluating: github.token
2025-11-24T23:09:21.1333423Z ##[debug]Evaluating Index:
2025-11-24T23:09:21.1333681Z ##[debug]..Evaluating github:
2025-11-24T23:09:21.1333906Z ##[debug]..=> Object
2025-11-24T23:09:21.1334119Z ##[debug]..Evaluating String:
2025-11-24T23:09:21.1334328Z ##[debug]..=> 'token'
2025-11-24T23:09:21.1334715Z ##[debug]=> '***'
2025-11-24T23:09:21.1335041Z ##[debug]Result: '***'
2025-11-24T23:09:21.1343879Z ##[debug]Loading env
2025-11-24T23:09:21.1347634Z Post job cleanup.
2025-11-24T23:09:21.2206774Z ##[debug]Getting git version
2025-11-24T23:09:21.2220329Z [command]/usr/bin/git version
2025-11-24T23:09:21.2253422Z git version 2.51.2
2025-11-24T23:09:21.2272508Z ##[debug]0
2025-11-24T23:09:21.2272985Z ##[debug]git version 2.51.2
2025-11-24T23:09:21.2273222Z ##[debug]
2025-11-24T23:09:21.2274107Z ##[debug]Set git useragent to: git/2.51.2 (github-actions-checkout)
2025-11-24T23:09:21.2276960Z ::add-mask::***
2025-11-24T23:09:21.2290953Z Temporarily overriding HOME='/home/runner/work/_temp/f0a103a8-7216-44c8-b526-eb13f9756578' before making global git config changes
2025-11-24T23:09:21.2291910Z Adding repository directory to the temporary git global config as a safe directory
2025-11-24T23:09:21.2296139Z [command]/usr/bin/git config --global --add safe.directory /home/runner/work/cadence-3/cadence-3
2025-11-24T23:09:21.2325882Z ##[debug]0
2025-11-24T23:09:21.2326281Z ##[debug]
2025-11-24T23:09:21.2333074Z [command]/usr/bin/git config --local --name-only --get-regexp core\.sshCommand
2025-11-24T23:09:21.2355293Z ##[debug]1
2025-11-24T23:09:21.2355828Z ##[debug]
2025-11-24T23:09:21.2361875Z [command]/usr/bin/git submodule foreach --recursive sh -c "git config --local --name-only --get-regexp 'core\.sshCommand' && git config --local --unset-all 'core.sshCommand' || :"
2025-11-24T23:09:21.2533367Z ##[debug]0
2025-11-24T23:09:21.2533825Z ##[debug]
2025-11-24T23:09:21.2541180Z [command]/usr/bin/git config --local --name-only --get-regexp http\.https\:\/\/github\.com\/\.extraheader
2025-11-24T23:09:21.2558052Z http.https://github.com/.extraheader
2025-11-24T23:09:21.2563188Z ##[debug]0
2025-11-24T23:09:21.2563735Z ##[debug]http.https://github.com/.extraheader
2025-11-24T23:09:21.2564017Z ##[debug]
2025-11-24T23:09:21.2569183Z [command]/usr/bin/git config --local --unset-all http.https://github.com/.extraheader
2025-11-24T23:09:21.2589425Z ##[debug]0
2025-11-24T23:09:21.2589882Z ##[debug]
2025-11-24T23:09:21.2594599Z [command]/usr/bin/git submodule foreach --recursive sh -c "git config --local --name-only --get-regexp 'http\.https\:\/\/github\.com\/\.extraheader' && git config --local --unset-all 'http.https://github.com/.extraheader' || :"
2025-11-24T23:09:21.2763757Z ##[debug]0
2025-11-24T23:09:21.2764273Z ##[debug]
2025-11-24T23:09:21.2770630Z [command]/usr/bin/git config --local --name-only --get-regexp ^includeIf\.gitdir:
2025-11-24T23:09:21.2794993Z ##[debug]1
2025-11-24T23:09:21.2795840Z ##[debug]
2025-11-24T23:09:21.2802842Z [command]/usr/bin/git submodule foreach --recursive git config --local --show-origin --name-only --get-regexp remote.origin.url
2025-11-24T23:09:21.2982814Z ##[debug]0
2025-11-24T23:09:21.2983763Z ##[debug]
2025-11-24T23:09:21.2985148Z ##[debug]Unsetting HOME override
2025-11-24T23:09:21.3045783Z ##[debug]Node Action run completed with exit code 0
2025-11-24T23:09:21.3048835Z ##[debug]Finishing: Post Checkout
2025-11-24T23:09:21.3101911Z ##[debug]Starting: Complete job
2025-11-24T23:09:21.3103389Z Uploading runner diagnostic logs
2025-11-24T23:09:21.3113856Z ##[debug]Starting diagnostic file upload.
2025-11-24T23:09:21.3114228Z ##[debug]Setting up diagnostic log folders.
2025-11-24T23:09:21.3115956Z ##[debug]Creating diagnostic log files folder.
2025-11-24T23:09:21.3123834Z ##[debug]Copying 1 worker diagnostic logs.
2025-11-24T23:09:21.3131827Z ##[debug]Copying 1 runner diagnostic logs.
2025-11-24T23:09:21.3132698Z ##[debug]Zipping diagnostic files.
2025-11-24T23:09:21.3209988Z ##[debug]Uploading diagnostic metadata file.
2025-11-24T23:09:21.3234667Z ##[debug]Diagnostic file upload complete.
2025-11-24T23:09:21.3235158Z Completed runner diagnostic log upload
2025-11-24T23:09:21.3235423Z Cleaning up orphan processes
2025-11-24T23:09:21.3423450Z ##[debug]Finishing: Complete job
2025-11-24T23:09:21.3452354Z ##[debug]Finishing: build